Component: ARM Compiler 5.06 update 7 (build 960) Tool: armlink [4d3601]

==============================================================================

Section Cross References

    startup_stm32f103xe.o(RESET) refers to startup_stm32f103xe.o(STACK) for __initial_sp
    startup_stm32f103xe.o(RESET) refers to startup_stm32f103xe.o(.text) for Reset_Handler
    startup_stm32f103xe.o(RESET) refers to stm32f1xx_it.o(i.NMI_Handler) for NMI_Handler
    startup_stm32f103xe.o(RESET) refers to stm32f1xx_it.o(i.HardFault_Handler) for HardFault_Handler
    startup_stm32f103xe.o(RESET) refers to stm32f1xx_it.o(i.MemManage_Handler) for MemManage_Handler
    startup_stm32f103xe.o(RESET) refers to stm32f1xx_it.o(i.BusFault_Handler) for BusFault_Handler
    startup_stm32f103xe.o(RESET) refers to stm32f1xx_it.o(i.UsageFault_Handler) for UsageFault_Handler
    startup_stm32f103xe.o(RESET) refers to stm32f1xx_it.o(i.SVC_Handler) for SVC_Handler
    startup_stm32f103xe.o(RESET) refers to stm32f1xx_it.o(i.DebugMon_Handler) for DebugMon_Handler
    startup_stm32f103xe.o(RESET) refers to stm32f1xx_it.o(i.PendSV_Handler) for PendSV_Handler
    startup_stm32f103xe.o(RESET) refers to stm32f1xx_it.o(i.SysTick_Handler) for SysTick_Handler
    startup_stm32f103xe.o(RESET) refers to stm32f1xx_it.o(i.DMA1_Channel3_IRQHandler) for DMA1_Channel3_IRQHandler
    startup_stm32f103xe.o(RESET) refers to stm32f1xx_it.o(i.USART3_IRQHandler) for USART3_IRQHandler
    startup_stm32f103xe.o(RESET) refers to stm32f1xx_it.o(i.TIM7_IRQHandler) for TIM7_IRQHandler
    startup_stm32f103xe.o(.text) refers to system_stm32f1xx.o(i.SystemInit) for SystemInit
    startup_stm32f103xe.o(.text) refers to entry.o(.ARM.Collect$$$$00000000) for __main
    main.o(i.HAL_TIM_PeriodElapsedCallback) refers to wb2812.o(i.RGB_Queue_Push) for RGB_Queue_Push
    main.o(i.HAL_TIM_PeriodElapsedCallback) refers to wb2812.o(i.RGB_Queue_Pop) for RGB_Queue_Pop
    main.o(i.HAL_TIM_PeriodElapsedCallback) refers to wb2812.o(i.WB2812_Showtime_2) for WB2812_Showtime_2
    main.o(i.HAL_TIM_PeriodElapsedCallback) refers to tim.o(.bss) for htim7
    main.o(i.HAL_TIM_PeriodElapsedCallback) refers to main.o(.data) for .data
    main.o(i.RunVehicle) refers to dflti.o(.text) for __aeabi_i2d
    main.o(i.RunVehicle) refers to dmul.o(.text) for __aeabi_dmul
    main.o(i.RunVehicle) refers to dadd.o(.text) for __aeabi_dadd
    main.o(i.RunVehicle) refers to dfixi.o(.text) for __aeabi_d2iz
    main.o(i.RunVehicle) refers to motor.o(i.MotorMove) for MotorMove
    main.o(i.RunVehicle) refers to printf5.o(i.__0printf$5) for __2printf
    main.o(i.RunVehicle) refers to adc.o(.bss) for adcValue
    main.o(i.RunVehicle) refers to main.o(.data) for .data
    main.o(i.SystemClock_Config) refers to memseta.o(.text) for __aeabi_memclr4
    main.o(i.SystemClock_Config) refers to stm32f1xx_hal_rcc.o(i.HAL_RCC_OscConfig) for HAL_RCC_OscConfig
    main.o(i.SystemClock_Config) refers to stm32f1xx_hal_rcc.o(i.HAL_RCC_ClockConfig) for HAL_RCC_ClockConfig
    main.o(i.TurnVehicleLeft) refers to motor.o(i.MotorMove) for MotorMove
    main.o(i.TurnVehicleLeft) refers to main.o(i.Delay) for Delay
    main.o(i.TurnVehicleLeft) refers to adc.o(.bss) for adcValue
    main.o(i.TurnVehicleRight) refers to motor.o(i.MotorMove) for MotorMove
    main.o(i.TurnVehicleRight) refers to main.o(i.Delay) for Delay
    main.o(i.TurnVehicleRight) refers to adc.o(.bss) for adcValue
    main.o(i.chassis_init) refers to stm32f1xx_hal_tim.o(i.HAL_TIM_PWM_Start) for HAL_TIM_PWM_Start
    main.o(i.chassis_init) refers to stm32f1xx_hal_uart.o(i.HAL_UART_Receive_DMA) for HAL_UART_Receive_DMA
    main.o(i.chassis_init) refers to tim.o(.bss) for htim3
    main.o(i.chassis_init) refers to usart.o(.bss) for huart3
    main.o(i.chassis_init) refers to hostpc.o(.data) for receive_buff3
    main.o(i.main) refers to stm32f1xx_hal.o(i.HAL_Init) for HAL_Init
    main.o(i.main) refers to main.o(i.SystemClock_Config) for SystemClock_Config
    main.o(i.main) refers to gpio.o(i.MX_GPIO_Init) for MX_GPIO_Init
    main.o(i.main) refers to dma.o(i.MX_DMA_Init) for MX_DMA_Init
    main.o(i.main) refers to usart.o(i.MX_USART1_UART_Init) for MX_USART1_UART_Init
    main.o(i.main) refers to usart.o(i.MX_USART3_UART_Init) for MX_USART3_UART_Init
    main.o(i.main) refers to tim.o(i.MX_TIM3_Init) for MX_TIM3_Init
    main.o(i.main) refers to tim.o(i.MX_TIM7_Init) for MX_TIM7_Init
    main.o(i.main) refers to adc.o(i.MX_ADC1_Init) for MX_ADC1_Init
    main.o(i.main) refers to adc.o(i.MX_ADC_DMA_Init) for MX_ADC_DMA_Init
    main.o(i.main) refers to adc.o(i.MX_ADC_GPIO_Init) for MX_ADC_GPIO_Init
    main.o(i.main) refers to main.o(i.chassis_init) for chassis_init
    main.o(i.main) refers to wb2812.o(i.WB2812_Init) for WB2812_Init
    main.o(i.main) refers to wb2812.o(i.RGB_Queue_Init) for RGB_Queue_Init
    main.o(i.main) refers to wb2812.o(i.RGB_Queue_Push) for RGB_Queue_Push
    main.o(i.main) refers to wb2812.o(i.WB2812_Showtime_2) for WB2812_Showtime_2
[...]
    Removing stm32f1xx_hal_uart.o(i.HAL_UART_AbortReceiveCpltCallback), (2 bytes).
    Removing stm32f1xx_hal_uart.o(i.HAL_UART_AbortReceive_IT), (112 bytes).
    Removing stm32f1xx_hal_uart.o(i.HAL_UART_AbortTransmit), (78 bytes).
    Removing stm32f1xx_hal_uart.o(i.HAL_UART_AbortTransmitCpltCallback), (2 bytes).
    Removing stm32f1xx_hal_uart.o(i.HAL_UART_AbortTransmit_IT), (84 bytes).
    Removing stm32f1xx_hal_uart.o(i.HAL_UART_Abort_IT), (188 bytes).
    Removing stm32f1xx_hal_uart.o(i.HAL_UART_DMAPause), (102 bytes).
    Removing stm32f1xx_hal_uart.o(i.HAL_UART_DMAResume), (94 bytes).
    Removing stm32f1xx_hal_uart.o(i.HAL_UART_DeInit), (52 bytes).
    Removing stm32f1xx_hal_uart.o(i.HAL_UART_GetError), (4 bytes).
    Removing stm32f1xx_hal_uart.o(i.HAL_UART_GetState), (10 bytes).
    Removing stm32f1xx_hal_uart.o(i.HAL_UART_MspDeInit), (2 bytes).
    Removing stm32f1xx_hal_uart.o(i.HAL_UART_MspInit), (2 bytes).
    Removing stm32f1xx_hal_uart.o(i.HAL_UART_Receive), (192 bytes).
    Removing stm32f1xx_hal_uart.o(i.HAL_UART_Receive_IT), (42 bytes).
    Removing stm32f1xx_hal_uart.o(i.HAL_UART_Transmit_DMA), (128 bytes).
    Removing stm32f1xx_hal_uart.o(i.HAL_UART_Transmit_IT), (62 bytes).
    Removing stm32f1xx_hal_uart.o(i.HAL_UART_TxHalfCpltCallback), (2 bytes).
    Removing stm32f1xx_hal_uart.o(i.UART_DMARxAbortCallback), (44 bytes).
    Removing stm32f1xx_hal_uart.o(i.UART_DMARxOnlyAbortCallback), (22 bytes).
    Removing stm32f1xx_hal_uart.o(i.UART_DMATransmitCplt), (46 bytes).
    Removing stm32f1xx_hal_uart.o(i.UART_DMATxAbortCallback), (44 bytes).
    Removing stm32f1xx_hal_uart.o(i.UART_DMATxHalfCplt), (10 bytes).
    Removing stm32f1xx_hal_uart.o(i.UART_DMATxOnlyAbortCallback), (20 bytes).
    Removing stm32f1xx_hal_uart.o(i.UART_Start_Receive_IT), (54 bytes).
    Removing system_stm32f1xx.o(.rev16_text), (4 bytes).
    Removing system_stm32f1xx.o(.revsh_text), (4 bytes).
    Removing system_stm32f1xx.o(.rrx_text), (6 bytes).
    Removing system_stm32f1xx.o(i.SystemCoreClockUpdate), (104 bytes).
    Removing hostpc.o(.rev16_text), (4 bytes).
    Removing hostpc.o(.revsh_text), (4 bytes).
    Removing hostpc.o(.rrx_text), (6 bytes).
    Removing hostpc.o(i.ByteToInt), (14 bytes).
    Removing hostpc.o(i._sys_exit), (2 bytes).
    Removing hostpc.o(i.fgetc), (24 bytes).
    Removing motor.o(.rev16_text), (4 bytes).
    Removing motor.o(.revsh_text), (4 bytes).
    Removing motor.o(.rrx_text), (6 bytes).
    Removing pid.o(.rev16_text), (4 bytes).
    Removing pid.o(.revsh_text), (4 bytes).
    Removing pid.o(.rrx_text), (6 bytes).
    Removing pid.o(i.PID_Calc), (272 bytes).
    Removing pid.o(i.PID_Init), (60 bytes).
    Removing pid.o(i.PID_clear), (28 bytes).
    Removing track.o(.rev16_text), (4 bytes).
    Removing track.o(.revsh_text), (4 bytes).
    Removing track.o(.rrx_text), (6 bytes).
    Removing track.o(i.detect_line), (416 bytes).
    Removing track.o(i.filter), (46 bytes).
    Removing track.o(.bss), (12 bytes).
    Removing track.o(.data), (12 bytes).
    Removing pcf8591.o(.rev16_text), (4 bytes).
    Removing pcf8591.o(.revsh_text), (4 bytes).
    Removing pcf8591.o(.rrx_text), (6 bytes).
    Removing pcf8591.o(i.IIC_Ack), (100 bytes).
    Removing pcf8591.o(i.IIC_Read_Byte), (120 bytes).
    Removing pcf8591.o(i.IIC_SDA_Mode_IN), (36 bytes).
    Removing pcf8591.o(i.IIC_SDA_Mode_OUT), (32 bytes).
    Removing pcf8591.o(i.IIC_Send_Byte), (120 bytes).
    Removing pcf8591.o(i.IIC_Start), (76 bytes).
    Removing pcf8591.o(i.IIC_Stop), (76 bytes).
    Removing pcf8591.o(i.IIC_Wait_Ack), (64 bytes).
    Removing pcf8591.o(i.PCF8591T_DATE_NUM), (100 bytes).
    Removing pcf8591.o(i.PCF8591T_Read_AD), (228 bytes).
    Removing pcf8591.o(i.PCF8591_address_scan), (144 bytes).
    Removing pcf8591.o(i.delay_us), (16 bytes).
    Removing pcf8591.o(.bss), (16 bytes).
    Removing adc.o(.rev16_text), (4 bytes).
    Removing adc.o(.revsh_text), (4 bytes).
    Removing adc.o(.rrx_text), (6 bytes).
    Removing adc.o(i.Systick_Config), (90 bytes).
    Removing gray.o(.rev16_text), (4 bytes).
    Removing gray.o(.revsh_text), (4 bytes).
    Removing gray.o(.rrx_text), (6 bytes).
    Removing gray.o(i.get_gray), (148 bytes).
    Removing wb2812.o(.rev16_text), (4 bytes).
    Removing wb2812.o(.revsh_text), (4 bytes).
    Removing wb2812.o(.rrx_text), (6 bytes).
    Removing wb2812.o(i.Update_RGB), (6 bytes).
    Removing wb2812.o(i.WB2812_Showtime), (38 bytes).
    Removing fadd.o(.text), (176 bytes).
    Removing fmul.o(.text), (100 bytes).
    Removing fscalb.o(.text), (24 bytes).
    Removing fflti.o(.text), (18 bytes).
    Removing cfrcmple.o(.text), (20 bytes).
    Removing fepilogue.o(.text), (110 bytes).
    Removing ddiv.o(.text), (222 bytes).
    Removing dfixul.o(.text), (48 bytes).
    Removing cdrcmple.o(.text), (48 bytes).

473 unused section(s) (total 31211 bytes) removed from the image.

==============================================================================

Image Symbol Table

    Local Symbols

    Symbol Name                              Value     Ov Type        Size  Object(Section)

    ../Core/Src/dma.c                        0x00000000   Number         0  dma.o ABSOLUTE
    ../Core/Src/gpio.c                       0x00000000   Number         0  gpio.o ABSOLUTE
    ../Core/Src/main.c                       0x00000000   Number         0  main.o ABSOLUTE
    ../Core/Src/stm32f1xx_hal_msp.c          0x00000000   Number         0  stm32f1xx_hal_msp.o ABSOLUTE
    ../Core/Src/stm32f1xx_it.c               0x00000000   Number         0  stm32f1xx_it.o ABSOLUTE
    ../Core/Src/system_stm32f1xx.c           0x00000000   Number         0  system_stm32f1xx.o ABSOLUTE
    ../Core/Src/tim.c                        0x00000000   Number         0  tim.o ABSOLUTE
    ../Core/Src/usart.c                      0x00000000   Number         0  usart.o ABSOLUTE
    ../Drivers/STM32F1xx_HAL_Driver/Src/stm32f1xx_hal.c 0x00000000   Number         0  stm32f1xx_hal.o ABSOLUTE
    ../Drivers/STM32F1xx_HAL_Driver/Src/stm32f1xx_hal_cortex.c 0x00000000   Number         0  stm32f1xx_hal_cortex.o ABSOLUTE
    ../Drivers/STM32F1xx_HAL_Driver/Src/stm32f1xx_hal_dma.c 0x00000000   Number         0  stm32f1xx_hal_dma.o ABSOLUTE
    ../Drivers/STM32F1xx_HAL_Driver/Src/stm32f1xx_hal_exti.c 0x00000000   Number         0  stm32f1xx_hal_exti.o ABSOLUTE
    ../Drivers/STM32F1xx_HAL_Driver/Src/stm32f1xx_hal_flash.c 0x00000000   Number         0  stm32f1xx_hal_flash.o ABSOLUTE
    ../Drivers/STM32F1xx_HAL_Driver/Src/stm32f1xx_hal_flash_ex.c 0x00000000   Number         0  stm32f1xx_hal_flash_ex.o ABSOLUTE
    ../Drivers/STM32F1xx_HAL_Driver/Src/stm32f1xx_hal_gpio.c 0x00000000   Number         0  stm32f1xx_hal_gpio.o ABSOLUTE
    ../Drivers/STM32F1xx_HAL_Driver/Src/stm32f1xx_hal_gpio_ex.c 0x00000000   Number         0  stm32f1xx_hal_gpio_ex.o ABSOLUTE
    ../Drivers/STM32F1xx_HAL_Driver/Src/stm32f1xx_hal_pwr.c 0x00000000   Number         0  stm32f1xx_hal_pwr.o ABSOLUTE
    ../Drivers/STM32F1xx_HAL_Driver/Src/stm32f1xx_hal_rcc.c 0x00000000   Number         0  stm32f1xx_hal_rcc.o ABSOLUTE
    ../Drivers/STM32F1xx_HAL_Driver/Src/stm32f1xx_hal_rcc_ex.c 0x00000000   Number         0  stm32f1xx_hal_rcc_ex.o ABSOLUTE
    ../Drivers/STM32F1xx_HAL_Driver/Src/stm32f1xx_hal_tim.c 0x00000000   Number         0  stm32f1xx_hal_tim.o ABSOLUTE
    ../Drivers/STM32F1xx_HAL_Driver/Src/stm32f1xx_hal_tim_ex.c 0x00000000   Number         0  stm32f1xx_hal_tim_ex.o ABSOLUTE
    ../Drivers/STM32F1xx_HAL_Driver/Src/stm32f1xx_hal_uart.c 0x00000000   Number         0  stm32f1xx_hal_uart.o ABSOLUTE
    ../clib/../cmprslib/zerorunl2.c          0x00000000   Number         0  __dczerorl2.o ABSOLUTE
    ../clib/microlib/division.c              0x00000000   Number         0  uldiv.o ABSOLUTE
    ../clib/microlib/division.c              0x00000000   Number         0  uidiv.o ABSOLUTE
    ../clib/microlib/init/entry.s            0x00000000   Number         0  entry10a.o ABSOLUTE
    ../clib/microlib/init/entry.s            0x00000000   Number         0  entry9b.o ABSOLUTE
    ../clib/microlib/init/entry.s            0x00000000   Number         0  entry.o ABSOLUTE
    ../clib/microlib/init/entry.s            0x00000000   Number         0  entry10b.o ABSOLUTE
    ../clib/microlib/init/entry.s            0x00000000   Number         0  entry8a.o ABSOLUTE
    ../clib/microlib/init/entry.s            0x00000000   Number         0  entry9a.o ABSOLUTE
    ../clib/microlib/init/entry.s            0x00000000   Number         0  entry8b.o ABSOLUTE
    ../clib/microlib/init/entry.s            0x00000000   Number         0  entry2.o ABSOLUTE
    ../clib/microlib/init/entry.s            0x00000000   Number         0  entry12a.o ABSOLUTE
    ../clib/microlib/init/entry.s            0x00000000   Number         0  entry11b.o ABSOLUTE
    ../clib/microlib/init/entry.s            0x00000000   Number         0  entry11a.o ABSOLUTE
    ../clib/microlib/init/entry.s            0x00000000   Number         0  entry12b.o ABSOLUTE
    ../clib/microlib/init/entry.s            0x00000000   Number         0  entry5.o ABSOLUTE
    ../clib/microlib/init/entry.s            0x00000000   Number         0  entry7a.o ABSOLUTE
    ../clib/microlib/init/entry.s            0x00000000   Number         0  entry7b.o ABSOLUTE
    ../clib/microlib/longlong.c              0x00000000   Number         0  llushr.o ABSOLUTE
    ../clib/microlib/longlong.c              0x00000000   Number         0  llshl.o ABSOLUTE
    ../clib/microlib/longlong.c              0x00000000   Number         0  llsshr.o ABSOLUTE
    ../clib/microlib/malloc/malloc.c         0x00000000   Number         0  malloca.o ABSOLUTE
    ../clib/microlib/malloc/malloc.c         0x00000000   Number         0  mallocra.o ABSOLUTE
    ../clib/microlib/malloc/malloc.c         0x00000000   Number         0  malloc.o ABSOLUTE
    ../clib/microlib/malloc/malloc.c         0x00000000   Number         0  mallocr.o ABSOLUTE
    ../clib/microlib/malloc/mvars.c          0x00000000   Number         0  mvars.o ABSOLUTE
    ../clib/microlib/printf/printf.c         0x00000000   Number         0  printf5.o ABSOLUTE
    ../clib/microlib/printf/printf.c         0x00000000   Number         0  printf4.o ABSOLUTE
    ../clib/microlib/printf/printf.c         0x00000000   Number         0  printf3.o ABSOLUTE
    ../clib/microlib/printf/printf.c         0x00000000   Number         0  printf1.o ABSOLUTE
    ../clib/microlib/printf/printf.c         0x00000000   Number         0  printf0.o ABSOLUTE
    ../clib/microlib/printf/printf.c         0x00000000   Number         0  printfb.o ABSOLUTE
    ../clib/microlib/printf/printf.c         0x00000000   Number         0  printf2.o ABSOLUTE
    ../clib/microlib/printf/printf.c         0x00000000   Number         0  printfa.o ABSOLUTE
    ../clib/microlib/printf/printf.c         0x00000000   Number         0  printf8.o ABSOLUTE
    ../clib/microlib/printf/printf.c         0x00000000   Number         0  printf7.o ABSOLUTE
    ../clib/microlib/printf/printf.c         0x00000000   Number         0  printf6.o ABSOLUTE
    ../clib/microlib/printf/stubs.s          0x00000000   Number         0  stubs.o ABSOLUTE
    ../clib/microlib/string/memcpy.c         0x00000000   Number         0  memcpya.o ABSOLUTE
    ../clib/microlib/string/memcpy.c         0x00000000   Number         0  memcpyb.o ABSOLUTE
    ../clib/microlib/string/memset.c         0x00000000   Number         0  memseta.o ABSOLUTE
    ../clib/microlib/stubs.s                 0x00000000   Number         0  useno.o ABSOLUTE
    ../clib/microlib/stubs.s                 0x00000000   Number         0  iusefp.o ABSOLUTE
    ../fplib/microlib/fpadd.c                0x00000000   Number         0  dadd.o ABSOLUTE
    ../fplib/microlib/fpadd.c                0x00000000   Number         0  fadd.o ABSOLUTE
    ../fplib/microlib/fpdiv.c                0x00000000   Number         0  ddiv.o ABSOLUTE
    ../fplib/microlib/fpepilogue.c           0x00000000   Number         0  fepilogue.o ABSOLUTE
    ../fplib/microlib/fpepilogue.c           0x00000000   Number         0  depilogue.o ABSOLUTE
    ../fplib/microlib/fpfix.c                0x00000000   Number         0  dfixi.o ABSOLUTE
    ../fplib/microlib/fpfix.c                0x00000000   Number         0  dfixul.o ABSOLUTE
    ../fplib/microlib/fpflt.c                0x00000000   Number         0  dflti.o ABSOLUTE
    ../fplib/microlib/fpflt.c                0x00000000   Number         0  fflti.o ABSOLUTE
    ../fplib/microlib/fpmul.c                0x00000000   Number         0  dmul.o ABSOLUTE
    ../fplib/microlib/fpmul.c                0x00000000   Number         0  fmul.o ABSOLUTE
    ../fplib/microlib/fpscalb.c              0x00000000   Number         0  fscalb.o ABSOLUTE
    ..\Core\Src\adc.c                        0x00000000   Number         0  adc.o ABSOLUTE
    ..\Core\Src\dma.c                        0x00000000   Number         0  dma.o ABSOLUTE
    ..\Core\Src\gpio.c                       0x00000000   Number         0  gpio.o ABSOLUTE
    ..\Core\Src\main.c                       0x00000000   Number         0  main.o ABSOLUTE
    ..\Core\Src\stm32f1xx_hal_msp.c          0x00000000   Number         0  stm32f1xx_hal_msp.o ABSOLUTE
    ..\Core\Src\stm32f1xx_it.c               0x00000000   Number         0  stm32f1xx_it.o ABSOLUTE
    ..\Core\Src\system_stm32f1xx.c           0x00000000   Number         0  system_stm32f1xx.o ABSOLUTE
    ..\Core\Src\tim.c                        0x00000000   Number         0  tim.o ABSOLUTE
    ..\Core\Src\usart.c                      0x00000000   Number         0  usart.o ABSOLUTE
    ..\Drivers\STM32F1xx_HAL_Driver\Src\stm32f1xx_hal.c 0x00000000   Number         0  stm32f1xx_hal.o ABSOLUTE
    ..\Drivers\STM32F1xx_HAL_Driver\Src\stm32f1xx_hal_adc.c 0x00000000   Number         0  stm32f1xx_hal_adc.o ABSOLUTE
    ..\Drivers\STM32F1xx_HAL_Driver\Src\stm32f1xx_hal_adc_ex.c 0x00000000   Number         0  stm32f1xx_hal_adc_ex.o ABSOLUTE
    ..\Drivers\STM32F1xx_HAL_Driver\Src\stm32f1xx_hal_cortex.c 0x00000000   Number         0  stm32f1xx_hal_cortex.o ABSOLUTE
    ..\Drivers\STM32F1xx_HAL_Driver\Src\stm32f1xx_hal_dma.c 0x00000000   Number         0  stm32f1xx_hal_dma.o ABSOLUTE
    ..\Drivers\STM32F1xx_HAL_Driver\Src\stm32f1xx_hal_exti.c 0x00000000   Number         0  stm32f1xx_hal_exti.o ABSOLUTE
    ..\Drivers\STM32F1xx_HAL_Driver\Src\stm32f1xx_hal_flash.c 0x00000000   Number         0  stm32f1xx_hal_flash.o ABSOLUTE
    ..\Drivers\STM32F1xx_HAL_Driver\Src\stm32f1xx_hal_flash_ex.c 0x00000000   Number         0  stm32f1xx_hal_flash_ex.o ABSOLUTE
    ..\Drivers\STM32F1xx_HAL_Driver\Src\stm32f1xx_hal_gpio.c 0x00000000   Number         0  stm32f1xx_hal_gpio.o ABSOLUTE
    ..\Drivers\STM32F1xx_HAL_Driver\Src\stm32f1xx_hal_gpio_ex.c 0x00000000   Number         0  stm32f1xx_hal_gpio_ex.o ABSOLUTE
    ..\Drivers\STM32F1xx_HAL_Driver\Src\stm32f1xx_hal_pwr.c 0x00000000   Number         0  stm32f1xx_hal_pwr.o ABSOLUTE
    ..\Drivers\STM32F1xx_HAL_Driver\Src\stm32f1xx_hal_rcc.c 0x00000000   Number         0  stm32f1xx_hal_rcc.o ABSOLUTE
    ..\Drivers\STM32F1xx_HAL_Driver\Src\stm32f1xx_hal_rcc_ex.c 0x00000000   Number         0  stm32f1xx_hal_rcc_ex.o ABSOLUTE
    ..\Drivers\STM32F1xx_HAL_Driver\Src\stm32f1xx_hal_tim.c 0x00000000   Number         0  stm32f1xx_hal_tim.o ABSOLUTE
    ..\Drivers\STM32F1xx_HAL_Driver\Src\stm32f1xx_hal_tim_ex.c 0x00000000   Number         0  stm32f1xx_hal_tim_ex.o ABSOLUTE
    ..\Drivers\STM32F1xx_HAL_Driver\Src\stm32f1xx_hal_uart.c 0x00000000   Number         0  stm32f1xx_hal_uart.o ABSOLUTE
    ..\User\PCF8591.c                        0x00000000   Number         0  pcf8591.o ABSOLUTE
    ..\User\WB2812.c                         0x00000000   Number         0  wb2812.o ABSOLUTE
    ..\User\gray.c                           0x00000000   Number         0  gray.o ABSOLUTE
    ..\User\hostpc.c                         0x00000000   Number         0  hostpc.o ABSOLUTE
    ..\User\motor.c                          0x00000000   Number         0  motor.o ABSOLUTE
    ..\User\pid.c                            0x00000000   Number         0  pid.o ABSOLUTE
    ..\User\track.c                          0x00000000   Number         0  track.o ABSOLUTE
    ..\\Core\\Src\\adc.c                     0x00000000   Number         0  adc.o ABSOLUTE
    ..\\Drivers\\STM32F1xx_HAL_Driver\\Src\\stm32f1xx_hal_adc.c 0x00000000   Number         0  stm32f1xx_hal_adc.o ABSOLUTE
    ..\\Drivers\\STM32F1xx_HAL_Driver\\Src\\stm32f1xx_hal_adc_ex.c 0x00000000   Number         0  stm32f1xx_hal_adc_ex.o ABSOLUTE
    ..\\User\\PCF8591.c                      0x00000000   Number         0  pcf8591.o ABSOLUTE
    ..\\User\\WB2812.c                       0x00000000   Number         0  wb2812.o ABSOLUTE
    ..\\User\\gray.c                         0x00000000   Number         0  gray.o ABSOLUTE
    ..\\User\\hostpc.c                       0x00000000   Number         0  hostpc.o ABSOLUTE
    ..\\User\\motor.c                        0x00000000   Number         0  motor.o ABSOLUTE
    ..\\User\\pid.c                          0x00000000   Number         0  pid.o ABSOLUTE
    ..\\User\\track.c                        0x00000000   Number         0  track.o ABSOLUTE
    cdrcmple.s                               0x00000000   Number         0  cdrcmple.o ABSOLUTE
    cfrcmple.s                               0x00000000   Number         0  cfrcmple.o ABSOLUTE
    dc.s                                     0x00000000   Number         0  dc.o ABSOLUTE
    handlers.s                               0x00000000   Number         0  handlers.o ABSOLUTE
    init.s                                   0x00000000   Number         0  init.o ABSOLUTE
    startup_stm32f103xe.s                    0x00000000   Number         0  startup_stm32f103xe.o ABSOLUTE
    RESET                                    0x08000000   Section      304  startup_stm32f103xe.o(RESET)
    .ARM.Collect$$$$00000000                 0x08000130   Section        0  entry.o(.ARM.Collect$$$$00000000)
    .ARM.Collect$$$$00000001                 0x08000130   Section        4  entry2.o(.ARM.Collect$$$$00000001)
    .ARM.Collect$$$$00000004                 0x08000134   Section        4  entry5.o(.ARM.Collect$$$$00000004)
    .ARM.Collect$$$$00000008                 0x08000138   Section        0  entry7b.o(.ARM.Collect$$$$00000008)
    .ARM.Collect$$$$0000000A                 0x08000138   Section        0  entry8b.o(.ARM.Collect$$$$0000000A)
    .ARM.Collect$$$$0000000B                 0x08000138   Section        8  entry9a.o(.ARM.Collect$$$$0000000B)
    .ARM.Collect$$$$0000000E                 0x08000140   Section        4  entry12b.o(.ARM.Collect$$$$0000000E)
    .ARM.Collect$$$$0000000F                 0x08000144   Section        0  entry10a.o(.ARM.Collect$$$$0000000F)
    .ARM.Collect$$$$00000011                 0x08000144   Section        0  entry11a.o(.ARM.Collect$$$$00000011)
    .ARM.Collect$$$$00002712                 0x08000144   Section        4  entry2.o(.ARM.Collect$$$$00002712)
    __lit__00000000                          0x08000144   Data           4  entry2.o(.ARM.Collect$$$$00002712)
    .text                                    0x08000148   Section       36  startup_stm32f103xe.o(.text)
    .text                                    0x0800016c   Section        0  llushr.o(.text)
    .text                                    0x0800018c   Section        0  memseta.o(.text)
    .text                                    0x080001b0   Section        0  dadd.o(.text)
    .text                                    0x080002fe   Section        0  dmul.o(.text)
    .text                                    0x080003e2   Section        0  dflti.o(.text)
    .text                                    0x08000404   Section        0  dfixi.o(.text)
    .text                                    0x08000442   Section        0  uldiv.o(.text)
    .text                                    0x080004a4   Section        0  llshl.o(.text)
    .text                                    0x080004c2   Section        0  llsshr.o(.text)
    .text                                    0x080004e6   Section        0  depilogue.o(.text)
    .text                                    0x080004e6   Section        0  iusefp.o(.text)
    .text                                    0x080005a0   Section       36  init.o(.text)
    .text                                    0x080005c4   Section        0  __dczerorl2.o(.text)
    i.ADC_ConversionStop_Disable             0x0800061c   Section        0  stm32f1xx_hal_adc.o(i.ADC_ConversionStop_Disable)
    i.ADC_DMAConvCplt                        0x08000672   Section        0  stm32f1xx_hal_adc.o(i.ADC_DMAConvCplt)
    i.ADC_DMAError                           0x080006c0   Section        0  stm32f1xx_hal_adc.o(i.ADC_DMAError)
    i.ADC_DMAHalfConvCplt                    0x080006da   Section        0  stm32f1xx_hal_adc.o(i.ADC_DMAHalfConvCplt)
    i.ADC_Enable                             0x080006e4   Section        0  stm32f1xx_hal_adc.o(i.ADC_Enable)
    i.BusFault_Handler                       0x08000760   Section        0  stm32f1xx_it.o(i.BusFault_Handler)
    i.DMA1_Channel3_IRQHandler               0x08000764   Section        0  stm32f1xx_it.o(i.DMA1_Channel3_IRQHandler)
    i.DMA_SetConfig                          0x08000770   Section        0  stm32f1xx_hal_dma.o(i.DMA_SetConfig)
    DMA_SetConfig                            0x08000771   Thumb Code    42  stm32f1xx_hal_dma.o(i.DMA_SetConfig)
    i.DebugMon_Handler                       0x0800079a   Section        0  stm32f1xx_it.o(i.DebugMon_Handler)
    i.Error_Handler                          0x0800079c   Section        0  main.o(i.Error_Handler)
    i.HAL_ADC_ConfigChannel                  0x080007a0   Section        0  stm32f1xx_hal_adc.o(i.HAL_ADC_ConfigChannel)
    i.HAL_ADC_ConvCpltCallback               0x0800089c   Section        0  stm32f1xx_hal_adc.o(i.HAL_ADC_ConvCpltCallback)
    i.HAL_ADC_ConvHalfCpltCallback           0x0800089e   Section        0  stm32f1xx_hal_adc.o(i.HAL_ADC_ConvHalfCpltCallback)
    i.HAL_ADC_ErrorCallback                  0x080008a0   Section        0  stm32f1xx_hal_adc.o(i.HAL_ADC_ErrorCallback)
    i.HAL_ADC_Init                           0x080008a4   Section        0  stm32f1xx_hal_adc.o(i.HAL_ADC_Init)
    i.HAL_ADC_MspInit                        0x080009c4   Section        0  stm32f1xx_hal_adc.o(i.HAL_ADC_MspInit)
    i.HAL_ADC_Start_DMA                      0x080009c8   Section        0  stm32f1xx_hal_adc.o(i.HAL_ADC_Start_DMA)
    i.HAL_DMA_Abort                          0x08000ad4   Section        0  stm32f1xx_hal_dma.o(i.HAL_DMA_Abort)
    i.HAL_DMA_Abort_IT                       0x08000b1c   Section        0  stm32f1xx_hal_dma.o(i.HAL_DMA_Abort_IT)
    i.HAL_DMA_IRQHandler                     0x08000c4c   Section        0  stm32f1xx_hal_dma.o(i.HAL_DMA_IRQHandler)
    i.HAL_DMA_Init                           0x08000e94   Section        0  stm32f1xx_hal_dma.o(i.HAL_DMA_Init)
    i.HAL_DMA_Start_IT                       0x08000f10   Section        0  stm32f1xx_hal_dma.o(i.HAL_DMA_Start_IT)
    i.HAL_GPIO_Init                          0x08000f80   Section        0  stm32f1xx_hal_gpio.o(i.HAL_GPIO_Init)
    i.HAL_GPIO_WritePin                      0x08001178   Section        0  stm32f1xx_hal_gpio.o(i.HAL_GPIO_WritePin)
    i.HAL_GetTick                            0x08001184   Section        0  stm32f1xx_hal.o(i.HAL_GetTick)
    i.HAL_IncTick                            0x08001190   Section        0  stm32f1xx_hal.o(i.HAL_IncTick)
    i.HAL_Init                               0x080011a0   Section        0  stm32f1xx_hal.o(i.HAL_Init)
    i.HAL_InitTick                           0x080011c4   Section        0  stm32f1xx_hal.o(i.HAL_InitTick)
    i.HAL_MspInit                            0x08001204   Section        0  stm32f1xx_hal_msp.o(i.HAL_MspInit)
    i.HAL_NVIC_EnableIRQ                     0x08001240   Section        0  stm32f1xx_hal_cortex.o(i.HAL_NVIC_EnableIRQ)
    i.HAL_NVIC_SetPriority                   0x0800125c   Section        0  stm32f1xx_hal_cortex.o(i.HAL_NVIC_SetPriority)
    i.HAL_NVIC_SetPriorityGrouping           0x0800129c   Section        0  stm32f1xx_hal_cortex.o(i.HAL_NVIC_SetPriorityGrouping)
    i.HAL_RCC_ClockConfig                    0x080012c0   Section        0  stm32f1xx_hal_rcc.o(i.HAL_RCC_ClockConfig)
    i.HAL_RCC_GetPCLK1Freq                   0x080013ec   Section        0  stm32f1xx_hal_rcc.o(i.HAL_RCC_GetPCLK1Freq)
    i.HAL_RCC_GetPCLK2Freq                   0x0800140c   Section        0  stm32f1xx_hal_rcc.o(i.HAL_RCC_GetPCLK2Freq)
    i.HAL_RCC_GetSysClockFreq                0x0800142c   Section        0  stm32f1xx_hal_rcc.o(i.HAL_RCC_GetSysClockFreq)
    i.HAL_RCC_OscConfig                      0x08001498   Section        0  stm32f1xx_hal_rcc.o(i.HAL_RCC_OscConfig)
    i.HAL_SYSTICK_Config                     0x080017b8   Section        0  stm32f1xx_hal_cortex.o(i.HAL_SYSTICK_Config)
    i.HAL_TIMEx_BreakCallback                0x080017e0   Section        0  stm32f1xx_hal_tim_ex.o(i.HAL_TIMEx_BreakCallback)
    i.HAL_TIMEx_CommutCallback               0x080017e2   Section        0  stm32f1xx_hal_tim_ex.o(i.HAL_TIMEx_CommutCallback)
    i.HAL_TIMEx_MasterConfigSynchronization  0x080017e4   Section        0  stm32f1xx_hal_tim_ex.o(i.HAL_TIMEx_MasterConfigSynchronization)
    i.HAL_TIM_Base_Init                      0x08001860   Section        0  stm32f1xx_hal_tim.o(i.HAL_TIM_Base_Init)
    i.HAL_TIM_Base_MspInit                   0x080018bc   Section        0  tim.o(i.HAL_TIM_Base_MspInit)
    i.HAL_TIM_Base_Start_IT                  0x080018f8   Section        0  stm32f1xx_hal_tim.o(i.HAL_TIM_Base_Start_IT)
    i.HAL_TIM_IC_CaptureCallback             0x08001964   Section        0  stm32f1xx_hal_tim.o(i.HAL_TIM_IC_CaptureCallback)
    i.HAL_TIM_IRQHandler                     0x08001966   Section        0  stm32f1xx_hal_tim.o(i.HAL_TIM_IRQHandler)
    i.HAL_TIM_MspPostInit                    0x08001acc   Section        0  tim.o(i.HAL_TIM_MspPostInit)
    i.HAL_TIM_OC_DelayElapsedCallback        0x08001b3c   Section        0  stm32f1xx_hal_tim.o(i.HAL_TIM_OC_DelayElapsedCallback)
    i.HAL_TIM_PWM_ConfigChannel              0x08001b3e   Section        0  stm32f1xx_hal_tim.o(i.HAL_TIM_PWM_ConfigChannel)
    i.HAL_TIM_PWM_Init                       0x08001c04   Section        0  stm32f1xx_hal_tim.o(i.HAL_TIM_PWM_Init)
    i.HAL_TIM_PWM_MspInit                    0x08001c60   Section        0  tim.o(i.HAL_TIM_PWM_MspInit)
    i.HAL_TIM_PWM_PulseFinishedCallback      0x08001c88   Section        0  stm32f1xx_hal_tim.o(i.HAL_TIM_PWM_PulseFinishedCallback)
    i.HAL_TIM_PWM_Start                      0x08001c8c   Section        0  stm32f1xx_hal_tim.o(i.HAL_TIM_PWM_Start)
    i.HAL_TIM_PeriodElapsedCallback          0x08001d40   Section        0  main.o(i.HAL_TIM_PeriodElapsedCallback)
    i.HAL_TIM_TriggerCallback                0x08001d8c   Section        0  stm32f1xx_hal_tim.o(i.HAL_TIM_TriggerCallback)
    i.HAL_UART3_RxCpltCallback               0x08001d90   Section        0  hostpc.o(i.HAL_UART3_RxCpltCallback)
    i.HAL_UARTEx_RxEventCallback             0x08001e08   Section        0  stm32f1xx_hal_uart.o(i.HAL_UARTEx_RxEventCallback)
    i.HAL_UART_DMAStop                       0x08001e0a   Section        0  stm32f1xx_hal_uart.o(i.HAL_UART_DMAStop)
    i.HAL_UART_ErrorCallback                 0x08001e62   Section        0  stm32f1xx_hal_uart.o(i.HAL_UART_ErrorCallback)
    i.HAL_UART_IRQHandler                    0x08001e64   Section        0  stm32f1xx_hal_uart.o(i.HAL_UART_IRQHandler)
    i.HAL_UART_Init                          0x08002070   Section        0  stm32f1xx_hal_uart.o(i.HAL_UART_Init)
    i.HAL_UART_MspInit                       0x080020d4   Section        0  usart.o(i.HAL_UART_MspInit)
    i.HAL_UART_Receive_DMA                   0x080021d4   Section        0  stm32f1xx_hal_uart.o(i.HAL_UART_Receive_DMA)
    i.HAL_UART_RxCpltCallback                0x080021fe   Section        0  stm32f1xx_hal_uart.o(i.HAL_UART_RxCpltCallback)
    i.HAL_UART_RxHalfCpltCallback            0x08002200   Section        0  stm32f1xx_hal_uart.o(i.HAL_UART_RxHalfCpltCallback)
    i.HAL_UART_Transmit                      0x08002204   Section        0  stm32f1xx_hal_uart.o(i.HAL_UART_Transmit)
    i.HAL_UART_TxCpltCallback                0x080022b6   Section        0  stm32f1xx_hal_uart.o(i.HAL_UART_TxCpltCallback)
    i.HardFault_Handler                      0x080022b8   Section        0  stm32f1xx_it.o(i.HardFault_Handler)
    i.MX_ADC1_Init                           0x080022bc   Section        0  adc.o(i.MX_ADC1_Init)
    i.MX_ADC_DMA_Init                        0x08002354   Section        0  adc.o(i.MX_ADC_DMA_Init)
    i.MX_ADC_GPIO_Init                       0x080023c0   Section        0  adc.o(i.MX_ADC_GPIO_Init)
    i.MX_DMA_Init                            0x080023f8   Section        0  dma.o(i.MX_DMA_Init)
    i.MX_GPIO_Init                           0x08002424   Section        0  gpio.o(i.MX_GPIO_Init)
    i.MX_TIM3_Init                           0x08002528   Section        0  tim.o(i.MX_TIM3_Init)
    i.MX_TIM7_Init                           0x080025cc   Section        0  tim.o(i.MX_TIM7_Init)
    i.MX_USART1_UART_Init                    0x08002614   Section        0  usart.o(i.MX_USART1_UART_Init)
    i.MX_USART3_UART_Init                    0x0800264c   Section        0  usart.o(i.MX_USART3_UART_Init)
    i.MemManage_Handler                      0x08002684   Section        0  stm32f1xx_it.o(i.MemManage_Handler)
    i.MotorLimit                             0x08002686   Section        0  motor.o(i.MotorLimit)
    i.MotorMove                              0x08002698   Section        0  motor.o(i.MotorMove)
    i.NMI_Handler                            0x080027b0   Section        0  stm32f1xx_it.o(i.NMI_Handler)
    i.PendSV_Handler                         0x080027b2   Section        0  stm32f1xx_it.o(i.PendSV_Handler)
    i.RGB_Queue_Init                         0x080027b4   Section        0  wb2812.o(i.RGB_Queue_Init)
    i.RGB_Queue_Pop                          0x080027bc   Section        0  wb2812.o(i.RGB_Queue_Pop)
    i.RGB_Queue_Push                         0x080027d0   Section        0  wb2812.o(i.RGB_Queue_Push)
    i.RunVehicle                             0x08002810   Section        0  main.o(i.RunVehicle)
    i.SVC_Handler                            0x08002898   Section        0  stm32f1xx_it.o(i.SVC_Handler)
    i.SysTick_Handler                        0x0800289a   Section        0  stm32f1xx_it.o(i.SysTick_Handler)
    i.SystemClock_Config                     0x0800289e   Section        0  main.o(i.SystemClock_Config)
    i.SystemInit                             0x080028fc   Section        0  system_stm32f1xx.o(i.SystemInit)
    i.TIM7_IRQHandler                        0x08002900   Section        0  stm32f1xx_it.o(i.TIM7_IRQHandler)
    i.TIM_Base_SetConfig                     0x0800290c   Section        0  stm32f1xx_hal_tim.o(i.TIM_Base_SetConfig)
    i.TIM_CCxChannelCmd                      0x08002998   Section        0  stm32f1xx_hal_tim.o(i.TIM_CCxChannelCmd)
    i.TIM_OC1_SetConfig                      0x080029b4   Section        0  stm32f1xx_hal_tim.o(i.TIM_OC1_SetConfig)
    TIM_OC1_SetConfig                        0x080029b5   Thumb Code    88  stm32f1xx_hal_tim.o(i.TIM_OC1_SetConfig)
    i.TIM_OC2_SetConfig                      0x08002a14   Section        0  stm32f1xx_hal_tim.o(i.TIM_OC2_SetConfig)
    i.TIM_OC3_SetConfig                      0x08002a80   Section        0  stm32f1xx_hal_tim.o(i.TIM_OC3_SetConfig)
    TIM_OC3_SetConfig                        0x08002a81   Thumb Code    96  stm32f1xx_hal_tim.o(i.TIM_OC3_SetConfig)
    i.TIM_OC4_SetConfig                      0x08002ae8   Section        0  stm32f1xx_hal_tim.o(i.TIM_OC4_SetConfig)
    TIM_OC4_SetConfig                        0x08002ae9   Thumb Code    70  stm32f1xx_hal_tim.o(i.TIM_OC4_SetConfig)
    i.UART_DMAAbortOnError                   0x08002b38   Section        0  stm32f1xx_hal_uart.o(i.UART_DMAAbortOnError)
    UART_DMAAbortOnError                     0x08002b39   Thumb Code    16  stm32f1xx_hal_uart.o(i.UART_DMAAbortOnError)
    i.UART_DMAError                          0x08002b48   Section        0  stm32f1xx_hal_uart.o(i.UART_DMAError)
    UART_DMAError                            0x08002b49   Thumb Code    74  stm32f1xx_hal_uart.o(i.UART_DMAError)
    i.UART_DMAReceiveCplt                    0x08002b92   Section        0  stm32f1xx_hal_uart.o(i.UART_DMAReceiveCplt)
    UART_DMAReceiveCplt                      0x08002b93   Thumb Code    90  stm32f1xx_hal_uart.o(i.UART_DMAReceiveCplt)
    i.UART_DMARxHalfCplt                     0x08002bec   Section        0  stm32f1xx_hal_uart.o(i.UART_DMARxHalfCplt)
    UART_DMARxHalfCplt                       0x08002bed   Thumb Code    26  stm32f1xx_hal_uart.o(i.UART_DMARxHalfCplt)
    i.UART_EndRxTransfer                     0x08002c06   Section        0  stm32f1xx_hal_uart.o(i.UART_EndRxTransfer)
    UART_EndRxTransfer                       0x08002c07   Thumb Code    48  stm32f1xx_hal_uart.o(i.UART_EndRxTransfer)
    i.UART_EndTxTransfer                     0x08002c36   Section        0  stm32f1xx_hal_uart.o(i.UART_EndTxTransfer)
    UART_EndTxTransfer                       0x08002c37   Thumb Code    18  stm32f1xx_hal_uart.o(i.UART_EndTxTransfer)
    i.UART_Receive_IT                        0x08002c48   Section        0  stm32f1xx_hal_uart.o(i.UART_Receive_IT)
    UART_Receive_IT                          0x08002c49   Thumb Code   182  stm32f1xx_hal_uart.o(i.UART_Receive_IT)
    i.UART_SetConfig                         0x08002d00   Section        0  stm32f1xx_hal_uart.o(i.UART_SetConfig)
    UART_SetConfig                           0x08002d01   Thumb Code   178  stm32f1xx_hal_uart.o(i.UART_SetConfig)
    i.UART_Start_Receive_DMA                 0x08002db8   Section        0  stm32f1xx_hal_uart.o(i.UART_Start_Receive_DMA)
    i.UART_WaitOnFlagUntilTimeout            0x08002e28   Section        0  stm32f1xx_hal_uart.o(i.UART_WaitOnFlagUntilTimeout)
    UART_WaitOnFlagUntilTimeout              0x08002e29   Thumb Code   100  stm32f1xx_hal_uart.o(i.UART_WaitOnFlagUntilTimeout)
    i.USART3_IRQHandler                      0x08002e8c   Section        0  stm32f1xx_it.o(i.USART3_IRQHandler)
    i.USER_UART3_IRQHandler                  0x08002eac   Section        0  hostpc.o(i.USER_UART3_IRQHandler)
    i.UsageFault_Handler                     0x08002ed8   Section        0  stm32f1xx_it.o(i.UsageFault_Handler)
    i.WB2812_0                               0x08002edc   Section        0  wb2812.o(i.WB2812_0)
    i.WB2812_1                               0x08002f04   Section        0  wb2812.o(i.WB2812_1)
    i.WB2812_End                             0x08002f2c   Section        0  wb2812.o(i.WB2812_End)
    i.WB2812_Init                            0x08002f3c   Section        0  wb2812.o(i.WB2812_Init)
    i.WB2812_Showtime_2                      0x08002f70   Section        0  wb2812.o(i.WB2812_Showtime_2)
    i.WB2812_Write                           0x08002f8a   Section        0  wb2812.o(i.WB2812_Write)
    i.__0printf$5                            0x08002fe0   Section        0  printf5.o(i.__0printf$5)
    i.__NVIC_SetPriority                     0x08003000   Section        0  stm32f1xx_hal_cortex.o(i.__NVIC_SetPriority)
    __NVIC_SetPriority                       0x08003001   Thumb Code    32  stm32f1xx_hal_cortex.o(i.__NVIC_SetPriority)
    i.__scatterload_copy                     0x08003020   Section       14  handlers.o(i.__scatterload_copy)
    i.__scatterload_null                     0x0800302e   Section        2  handlers.o(i.__scatterload_null)
    i.__scatterload_zeroinit                 0x08003030   Section       14  handlers.o(i.__scatterload_zeroinit)
    i._printf_core                           0x08003040   Section        0  printf5.o(i._printf_core)
    _printf_core                             0x08003041   Thumb Code   660  printf5.o(i._printf_core)
    i.chassis_init                           0x08003300   Section        0  main.o(i.chassis_init)
    i.fputc                                  0x08003348   Section        0  hostpc.o(i.fputc)
    i.free                                   0x08003360   Section        0  malloc.o(i.free)
    i.main                                   0x080033b0   Section        0  main.o(i.main)
    i.malloc                                 0x08003428   Section        0  malloc.o(i.malloc)
    .constdata                               0x08003494   Section       16  system_stm32f1xx.o(.constdata)
    .constdata                               0x080034a4   Section        8  system_stm32f1xx.o(.constdata)
    .data                                    0x20000000   Section        1  main.o(.data)
    .data                                    0x20000004   Section     1216  main.o(.data)
    .data                                    0x200004c4   Section       12  stm32f1xx_hal.o(.data)
    .data                                    0x200004d0   Section        4  system_stm32f1xx.o(.data)
    .data                                    0x200004d4   Section       11  hostpc.o(.data)
    .data                                    0x200004e0   Section        4  hostpc.o(.data)
    .data                                    0x200004e4   Section        4  mvars.o(.data)
    .data                                    0x200004e8   Section        4  mvars.o(.data)
    .bss                                     0x200004ec   Section      144  tim.o(.bss)
    .bss                                     0x2000057c   Section      204  usart.o(.bss)
    .bss                                     0x20000648   Section       60  adc.o(.bss)
    HEAP                                     0x20000688   Section     1024  startup_stm32f103xe.o(HEAP)
    STACK                                    0x20000a88   Section     1024  startup_stm32f103xe.o(STACK)

    Global Symbols

    Symbol Name                              Value     Ov Type        Size  Object(Section)

    BuildAttributes$$THM_ISAv4$P$D$K$B$S$PE$A:L22UL41UL21$X:L11$S22US41US21$IEEE1$IW$USESV6$~STKCKD$USESV7$~SHL$OTIME$ROPI$EBA8$MICROLIB$REQ8$PRES8$EABIv2 0x00000000   Number         0  anon$$obj.o ABSOLUTE
    __ARM_use_no_argv                        0x00000000   Number         0  main.o ABSOLUTE
    __use_no_errno                           0x00000000   Number         0  useno.o ABSOLUTE
    __use_no_exception_handling              0x00000000   Number         0  useno.o ABSOLUTE
    __use_no_fp                              0x00000000   Number         0  useno.o ABSOLUTE
    __use_no_heap                            0x00000000   Number         0  useno.o ABSOLUTE
    __use_no_heap_region                     0x00000000   Number         0  useno.o ABSOLUTE
    __use_no_semihosting                     0x00000000   Number         0  useno.o ABSOLUTE
    __use_no_semihosting_swi                 0x00000000   Number         0  useno.o ABSOLUTE
    __use_no_signal_handling                 0x00000000   Number         0  useno.o ABSOLUTE
    _printf_a                                0x00000000   Number         0  stubs.o ABSOLUTE
    _printf_c                                0x00000000   Number         0  stubs.o ABSOLUTE
    _printf_charcount                        0x00000000   Number         0  stubs.o ABSOLUTE
    _printf_d                                0x00000000   Number         0  stubs.o ABSOLUTE
    _printf_e                                0x00000000   Number         0  stubs.o ABSOLUTE
    _printf_f                                0x00000000   Number         0  stubs.o ABSOLUTE
    _printf_flags                            0x00000000   Number         0  stubs.o ABSOLUTE
    _printf_fp_dec                           0x00000000   Number         0  stubs.o ABSOLUTE
    _printf_fp_hex                           0x00000000   Number         0  stubs.o ABSOLUTE
    _printf_g                                0x00000000   Number         0  stubs.o ABSOLUTE
    _printf_i                                0x00000000   Number         0  stubs.o ABSOLUTE
    _printf_int_dec                          0x00000000   Number         0  stubs.o ABSOLUTE
    _printf_l                                0x00000000   Number         0  stubs.o ABSOLUTE
    _printf_lc                               0x00000000   Number         0  stubs.o ABSOLUTE
    _printf_ll                               0x00000000   Number         0  stubs.o ABSOLUTE
    _printf_lld                              0x00000000   Number         0  stubs.o ABSOLUTE
    _printf_lli                              0x00000000   Number         0  stubs.o ABSOLUTE
    _printf_llo                              0x00000000   Number         0  stubs.o ABSOLUTE
    _printf_llu                              0x00000000   Number         0  stubs.o ABSOLUTE
    _printf_llx                              0x00000000   Number         0  stubs.o ABSOLUTE
    _printf_longlong_dec                     0x00000000   Number         0  stubs.o ABSOLUTE
    _printf_longlong_hex                     0x00000000   Number         0  stubs.o ABSOLUTE
    _printf_longlong_oct                     0x00000000   Number         0  stubs.o ABSOLUTE
    _printf_ls                               0x00000000   Number         0  stubs.o ABSOLUTE
    _printf_mbtowc                           0x00000000   Number         0  stubs.o ABSOLUTE
    _printf_n                                0x00000000   Number         0  stubs.o ABSOLUTE
    _printf_o                                0x00000000   Number         0  stubs.o ABSOLUTE
    _printf_p                                0x00000000   Number         0  stubs.o ABSOLUTE
    _printf_percent                          0x00000000   Number         0  stubs.o ABSOLUTE
    _printf_pre_padding                      0x00000000   Number         0  stubs.o ABSOLUTE
    _printf_return_value                     0x00000000   Number         0  stubs.o ABSOLUTE
    _printf_s                                0x00000000   Number         0  stubs.o ABSOLUTE
    _printf_sizespec                         0x00000000   Number         0  stubs.o ABSOLUTE
    _printf_str                              0x00000000   Number         0  stubs.o ABSOLUTE
    _printf_truncate_signed                  0x00000000   Number         0  stubs.o ABSOLUTE
    _printf_truncate_unsigned                0x00000000   Number         0  stubs.o ABSOLUTE
    _printf_u                                0x00000000   Number         0  stubs.o ABSOLUTE
    _printf_wc                               0x00000000   Number         0  stubs.o ABSOLUTE
    _printf_wctomb                           0x00000000   Number         0  stubs.o ABSOLUTE
    _printf_widthprec                        0x00000000   Number         0  stubs.o ABSOLUTE
    _printf_x                                0x00000000   Number         0  stubs.o ABSOLUTE
    __arm_fini_                               - Undefined Weak Reference
    __cpp_initialize__aeabi_                  - Undefined Weak Reference
    __cxa_finalize                            - Undefined Weak Reference
    _clock_init                               - Undefined Weak Reference
    _microlib_exit                            - Undefined Weak Reference
    __Vectors_Size                           0x00000130   Number         0  startup_stm32f103xe.o ABSOLUTE
    __Vectors                                0x08000000   Data           4  startup_stm32f103xe.o(RESET)
    __Vectors_End                            0x08000130   Data           0  startup_stm32f103xe.o(RESET)
    __main                                   0x08000131   Thumb Code     0  entry.o(.ARM.Collect$$$$00000000)
    _main_stk                                0x08000131   Thumb Code     0  entry2.o(.ARM.Collect$$$$00000001)
    _main_scatterload                        0x08000135   Thumb Code     0  entry5.o(.ARM.Collect$$$$00000004)
    __main_after_scatterload                 0x08000139   Thumb Code     0  entry5.o(.ARM.Collect$$$$00000004)
    _main_clock                              0x08000139   Thumb Code     0  entry7b.o(.ARM.Collect$$$$00000008)
    _main_cpp_init                           0x08000139   Thumb Code     0  entry8b.o(.ARM.Collect$$$$0000000A)
    _main_init                               0x08000139   Thumb Code     0  entry9a.o(.ARM.Collect$$$$0000000B)
    __rt_lib_shutdown_fini                   0x08000141   Thumb Code     0  entry12b.o(.ARM.Collect$$$$0000000E)
    __rt_final_cpp                           0x08000145   Thumb Code     0  entry10a.o(.ARM.Collect$$$$0000000F)
    __rt_final_exit                          0x08000145   Thumb Code     0  entry11a.o(.ARM.Collect$$$$00000011)
    Reset_Handler                            0x08000149   Thumb Code     8  startup_stm32f103xe.o(.text)
    ADC1_2_IRQHandler                        0x08000163   Thumb Code     0  startup_stm32f103xe.o(.text)
    ADC3_IRQHandler                          0x08000163   Thumb Code     0  startup_stm32f103xe.o(.text)
    CAN1_RX1_IRQHandler                      0x08000163   Thumb Code     0  startup_stm32f103xe.o(.text)
    CAN1_SCE_IRQHandler                      0x08000163   Thumb Code     0  startup_stm32f103xe.o(.text)
    DMA1_Channel1_IRQHandler                 0x08000163   Thumb Code     0  startup_stm32f103xe.o(.text)
    DMA1_Channel2_IRQHandler                 0x08000163   Thumb Code     0  startup_stm32f103xe.o(.text)
    DMA1_Channel4_IRQHandler                 0x08000163   Thumb Code     0  startup_stm32f103xe.o(.text)
    DMA1_Channel5_IRQHandler                 0x08000163   Thumb Code     0  startup_stm32f103xe.o(.text)
    DMA1_Channel6_IRQHandler                 0x08000163   Thumb Code     0  startup_stm32f103xe.o(.text)
    DMA1_Channel7_IRQHandler                 0x08000163   Thumb Code     0  startup_stm32f103xe.o(.text)
    DMA2_Channel1_IRQHandler                 0x08000163   Thumb Code     0  startup_stm32f103xe.o(.text)
    DMA2_Channel2_IRQHandler                 0x08000163   Thumb Code     0  startup_stm32f103xe.o(.text)
    DMA2_Channel3_IRQHandler                 0x08000163   Thumb Code     0  startup_stm32f103xe.o(.text)
    DMA2_Channel4_5_IRQHandler               0x08000163   Thumb Code     0  startup_stm32f103xe.o(.text)
    EXTI0_IRQHandler                         0x08000163   Thumb Code     0  startup_stm32f103xe.o(.text)
    EXTI15_10_IRQHandler                     0x08000163   Thumb Code     0  startup_stm32f103xe.o(.text)
    EXTI1_IRQHandler                         0x08000163   Thumb Code     0  startup_stm32f103xe.o(.text)
    EXTI2_IRQHandler                         0x08000163   Thumb Code     0  startup_stm32f103xe.o(.text)
    EXTI3_IRQHandler                         0x08000163   Thumb Code     0  startup_stm32f103xe.o(.text)
    EXTI4_IRQHandler                         0x08000163   Thumb Code     0  startup_stm32f103xe.o(.text)
    EXTI9_5_IRQHandler                       0x08000163   Thumb Code     0  startup_stm32f103xe.o(.text)
    FLASH_IRQHandler                         0x08000163   Thumb Code     0  startup_stm32f103xe.o(.text)
    FSMC_IRQHandler                          0x08000163   Thumb Code     0  startup_stm32f103xe.o(.text)
    I2C1_ER_IRQHandler                       0x08000163   Thumb Code     0  startup_stm32f103xe.o(.text)
    I2C1_EV_IRQHandler                       0x08000163   Thumb Code     0  startup_stm32f103xe.o(.text)
    I2C2_ER_IRQHandler                       0x08000163   Thumb Code     0  startup_stm32f103xe.o(.text)
    I2C2_EV_IRQHandler                       0x08000163   Thumb Code     0  startup_stm32f103xe.o(.text)
    PVD_IRQHandler                           0x08000163   Thumb Code     0  startup_stm32f103xe.o(.text)
    RCC_IRQHandler                           0x08000163   Thumb Code     0  startup_stm32f103xe.o(.text)
    RTC_Alarm_IRQHandler                     0x08000163   Thumb Code     0  startup_stm32f103xe.o(.text)
    RTC_IRQHandler                           0x08000163   Thumb Code     0  startup_stm32f103xe.o(.text)
    SDIO_IRQHandler                          0x08000163   Thumb Code     0  startup_stm32f103xe.o(.text)
    SPI1_IRQHandler                          0x08000163   Thumb Code     0  startup_stm32f103xe.o(.text)
    SPI2_IRQHandler                          0x08000163   Thumb Code     0  startup_stm32f103xe.o(.text)
    SPI3_IRQHandler                          0x08000163   Thumb Code     0  startup_stm32f103xe.o(.text)
    TAMPER_IRQHandler                        0x08000163   Thumb Code     0  startup_stm32f103xe.o(.text)
    TIM1_BRK_IRQHandler                      0x08000163   Thumb Code     0  startup_stm32f103xe.o(.text)
    TIM1_CC_IRQHandler                       0x08000163   Thumb Code     0  startup_stm32f103xe.o(.text)
    TIM1_TRG_COM_IRQHandler                  0x08000163   Thumb Code     0  startup_stm32f103xe.o(.text)
    TIM1_UP_IRQHandler                       0x08000163   Thumb Code     0  startup_stm32f103xe.o(.text)
    TIM2_IRQHandler                          0x08000163   Thumb Code     0  startup_stm32f103xe.o(.text)
    TIM3_IRQHandler                          0x08000163   Thumb Code     0  startup_stm32f103xe.o(.text)
    TIM4_IRQHandler                          0x08000163   Thumb Code     0  startup_stm32f103xe.o(.text)
    TIM5_IRQHandler                          0x08000163   Thumb Code     0  startup_stm32f103xe.o(.text)
    TIM6_IRQHandler                          0x08000163   Thumb Code     0  startup_stm32f103xe.o(.text)
    TIM8_BRK_IRQHandler                      0x08000163   Thumb Code     0  startup_stm32f103xe.o(.text)
    TIM8_CC_IRQHandler                       0x08000163   Thumb Code     0  startup_stm32f103xe.o(.text)
    TIM8_TRG_COM_IRQHandler                  0x08000163   Thumb Code     0  startup_stm32f103xe.o(.text)
    TIM8_UP_IRQHandler                       0x08000163   Thumb Code     0  startup_stm32f103xe.o(.text)
    UART4_IRQHandler                         0x08000163   Thumb Code     0  startup_stm32f103xe.o(.text)
    UART5_IRQHandler                         0x08000163   Thumb Code     0  startup_stm32f103xe.o(.text)
    USART1_IRQHandler                        0x08000163   Thumb Code     0  startup_stm32f103xe.o(.text)
    USART2_IRQHandler                        0x08000163   Thumb Code     0  startup_stm32f103xe.o(.text)
    USBWakeUp_IRQHandler                     0x08000163   Thumb Code     0  startup_stm32f103xe.o(.text)
    USB_HP_CAN1_TX_IRQHandler                0x08000163   Thumb Code     0  startup_stm32f103xe.o(.text)
    USB_LP_CAN1_RX0_IRQHandler               0x08000163   Thumb Code     0  startup_stm32f103xe.o(.text)
    WWDG_IRQHandler                          0x08000163   Thumb Code     0  startup_stm32f103xe.o(.text)
    __aeabi_llsr                             0x0800016d   Thumb Code    32  llushr.o(.text)
    _ll_ushift_r                             0x0800016d   Thumb Code     0  llushr.o(.text)
    __aeabi_memset                           0x0800018d   Thumb Code    14  memseta.o(.text)
    __aeabi_memset4                          0x0800018d   Thumb Code     0  memseta.o(.text)
    __aeabi_memset8                          0x0800018d   Thumb Code     0  memseta.o(.text)
    __aeabi_memclr                           0x0800019b   Thumb Code     4  memseta.o(.text)
    __aeabi_memclr4                          0x0800019b   Thumb Code     0  memseta.o(.text)
    __aeabi_memclr8                          0x0800019b   Thumb Code     0  memseta.o(.text)
    _memset$wrapper                          0x0800019f   Thumb Code    18  memseta.o(.text)
    __aeabi_dadd                             0x080001b1   Thumb Code   322  dadd.o(.text)
    __aeabi_dsub                             0x080002f3   Thumb Code     6  dadd.o(.text)
    __aeabi_drsub                            0x080002f9   Thumb Code     6  dadd.o(.text)
    __aeabi_dmul                             0x080002ff   Thumb Code   228  dmul.o(.text)
    __aeabi_i2d                              0x080003e3   Thumb Code    34  dflti.o(.text)
    __aeabi_d2iz                             0x08000405   Thumb Code    62  dfixi.o(.text)
    __aeabi_uldivmod                         0x08000443   Thumb Code    98  uldiv.o(.text)
    __aeabi_llsl                             0x080004a5   Thumb Code    30  llshl.o(.text)
    _ll_shift_l                              0x080004a5   Thumb Code     0  llshl.o(.text)
    __aeabi_lasr                             0x080004c3   Thumb Code    36  llsshr.o(.text)
    _ll_sshift_r                             0x080004c3   Thumb Code     0  llsshr.o(.text)
    __I$use$fp                               0x080004e7   Thumb Code     0  iusefp.o(.text)
    _double_round                            0x080004e7   Thumb Code    30  depilogue.o(.text)
    _double_epilogue                         0x08000505   Thumb Code   156  depilogue.o(.text)
    __scatterload                            0x080005a1   Thumb Code    28  init.o(.text)
    __scatterload_rt2                        0x080005a1   Thumb Code     0  init.o(.text)
    __decompress                             0x080005c5   Thumb Code     0  __dczerorl2.o(.text)
    __decompress1                            0x080005c5   Thumb Code    86  __dczerorl2.o(.text)
    ADC_ConversionStop_Disable               0x0800061d   Thumb Code    86  stm32f1xx_hal_adc.o(i.ADC_ConversionStop_Disable)
    ADC_DMAConvCplt                          0x08000673   Thumb Code    78  stm32f1xx_hal_adc.o(i.ADC_DMAConvCplt)
    ADC_DMAError                             0x080006c1   Thumb Code    26  stm32f1xx_hal_adc.o(i.ADC_DMAError)
    ADC_DMAHalfConvCplt                      0x080006db   Thumb Code    10  stm32f1xx_hal_adc.o(i.ADC_DMAHalfConvCplt)
    ADC_Enable                               0x080006e5   Thumb Code   114  stm32f1xx_hal_adc.o(i.ADC_Enable)
    BusFault_Handler                         0x08000761   Thumb Code     2  stm32f1xx_it.o(i.BusFault_Handler)
    DMA1_Channel3_IRQHandler                 0x08000765   Thumb Code     6  stm32f1xx_it.o(i.DMA1_Channel3_IRQHandler)
    DebugMon_Handler                         0x0800079b   Thumb Code     2  stm32f1xx_it.o(i.DebugMon_Handler)
    Error_Handler                            0x0800079d   Thumb Code     4  main.o(i.Error_Handler)
    HAL_ADC_ConfigChannel                    0x080007a1   Thumb Code   240  stm32f1xx_hal_adc.o(i.HAL_ADC_ConfigChannel)
    HAL_ADC_ConvCpltCallback                 0x0800089d   Thumb Code     2  stm32f1xx_hal_adc.o(i.HAL_ADC_ConvCpltCallback)
    HAL_ADC_ConvHalfCpltCallback             0x0800089f   Thumb Code     2  stm32f1xx_hal_adc.o(i.HAL_ADC_ConvHalfCpltCallback)
    HAL_ADC_ErrorCallback                    0x080008a1   Thumb Code     2  stm32f1xx_hal_adc.o(i.HAL_ADC_ErrorCallback)
    HAL_ADC_Init                             0x080008a5   Thumb Code   272  stm32f1xx_hal_adc.o(i.HAL_ADC_Init)
    HAL_ADC_MspInit                          0x080009c5   Thumb Code     2  stm32f1xx_hal_adc.o(i.HAL_ADC_MspInit)
    HAL_ADC_Start_DMA                        0x080009c9   Thumb Code   246  stm32f1xx_hal_adc.o(i.HAL_ADC_Start_DMA)
    HAL_DMA_Abort                            0x08000ad5   Thumb Code    70  stm32f1xx_hal_dma.o(i.HAL_DMA_Abort)
    HAL_DMA_Abort_IT                         0x08000b1d   Thumb Code   296  stm32f1xx_hal_dma.o(i.HAL_DMA_Abort_IT)
    HAL_DMA_IRQHandler                       0x08000c4d   Thumb Code   552  stm32f1xx_hal_dma.o(i.HAL_DMA_IRQHandler)
    HAL_DMA_Init                             0x08000e95   Thumb Code   112  stm32f1xx_hal_dma.o(i.HAL_DMA_Init)
    HAL_DMA_Start_IT                         0x08000f11   Thumb Code   112  stm32f1xx_hal_dma.o(i.HAL_DMA_Start_IT)
    HAL_GPIO_Init                            0x08000f81   Thumb Code   462  stm32f1xx_hal_gpio.o(i.HAL_GPIO_Init)
    HAL_GPIO_WritePin                        0x08001179   Thumb Code    10  stm32f1xx_hal_gpio.o(i.HAL_GPIO_WritePin)
    HAL_GetTick                              0x08001185   Thumb Code     6  stm32f1xx_hal.o(i.HAL_GetTick)
    HAL_IncTick                              0x08001191   Thumb Code    12  stm32f1xx_hal.o(i.HAL_IncTick)
    HAL_Init                                 0x080011a1   Thumb Code    32  stm32f1xx_hal.o(i.HAL_Init)
    HAL_InitTick                             0x080011c5   Thumb Code    54  stm32f1xx_hal.o(i.HAL_InitTick)
    HAL_MspInit                              0x08001205   Thumb Code    52  stm32f1xx_hal_msp.o(i.HAL_MspInit)
    HAL_NVIC_EnableIRQ                       0x08001241   Thumb Code    26  stm32f1xx_hal_cortex.o(i.HAL_NVIC_EnableIRQ)
    HAL_NVIC_SetPriority                     0x0800125d   Thumb Code    60  stm32f1xx_hal_cortex.o(i.HAL_NVIC_SetPriority)
    HAL_NVIC_SetPriorityGrouping             0x0800129d   Thumb Code    26  stm32f1xx_hal_cortex.o(i.HAL_NVIC_SetPriorityGrouping)
    HAL_RCC_ClockConfig                      0x080012c1   Thumb Code   280  stm32f1xx_hal_rcc.o(i.HAL_RCC_ClockConfig)
    HAL_RCC_GetPCLK1Freq                     0x080013ed   Thumb Code    20  stm32f1xx_hal_rcc.o(i.HAL_RCC_GetPCLK1Freq)
    HAL_RCC_GetPCLK2Freq                     0x0800140d   Thumb Code    20  stm32f1xx_hal_rcc.o(i.HAL_RCC_GetPCLK2Freq)
    HAL_RCC_GetSysClockFreq                  0x0800142d   Thumb Code    74  stm32f1xx_hal_rcc.o(i.HAL_RCC_GetSysClockFreq)
    HAL_RCC_OscConfig                        0x08001499   Thumb Code   778  stm32f1xx_hal_rcc.o(i.HAL_RCC_OscConfig)
    HAL_SYSTICK_Config                       0x080017b9   Thumb Code    40  stm32f1xx_hal_cortex.o(i.HAL_SYSTICK_Config)
    HAL_TIMEx_BreakCallback                  0x080017e1   Thumb Code     2  stm32f1xx_hal_tim_ex.o(i.HAL_TIMEx_BreakCallback)
    HAL_TIMEx_CommutCallback                 0x080017e3   Thumb Code     2  stm32f1xx_hal_tim_ex.o(i.HAL_TIMEx_CommutCallback)
    HAL_TIMEx_MasterConfigSynchronization    0x080017e5   Thumb Code   104  stm32f1xx_hal_tim_ex.o(i.HAL_TIMEx_MasterConfigSynchronization)
    HAL_TIM_Base_Init                        0x08001861   Thumb Code    90  stm32f1xx_hal_tim.o(i.HAL_TIM_Base_Init)
    HAL_TIM_Base_MspInit                     0x080018bd   Thumb Code    50  tim.o(i.HAL_TIM_Base_MspInit)
    HAL_TIM_Base_Start_IT                    0x080018f9   Thumb Code    88  stm32f1xx_hal_tim.o(i.HAL_TIM_Base_Start_IT)
    HAL_TIM_IC_CaptureCallback               0x08001965   Thumb Code     2  stm32f1xx_hal_tim.o(i.HAL_TIM_IC_CaptureCallback)
    HAL_TIM_IRQHandler                       0x08001967   Thumb Code   358  stm32f1xx_hal_tim.o(i.HAL_TIM_IRQHandler)
    HAL_TIM_MspPostInit                      0x08001acd   Thumb Code    94  tim.o(i.HAL_TIM_MspPostInit)
    HAL_TIM_OC_DelayElapsedCallback          0x08001b3d   Thumb Code     2  stm32f1xx_hal_tim.o(i.HAL_TIM_OC_DelayElapsedCallback)
    HAL_TIM_PWM_ConfigChannel                0x08001b3f   Thumb Code   198  stm32f1xx_hal_tim.o(i.HAL_TIM_PWM_ConfigChannel)
    HAL_TIM_PWM_Init                         0x08001c05   Thumb Code    90  stm32f1xx_hal_tim.o(i.HAL_TIM_PWM_Init)
    HAL_TIM_PWM_MspInit                      0x08001c61   Thumb Code    30  tim.o(i.HAL_TIM_PWM_MspInit)
    HAL_TIM_PWM_PulseFinishedCallback        0x08001c89   Thumb Code     2  stm32f1xx_hal_tim.o(i.HAL_TIM_PWM_PulseFinishedCallback)
    HAL_TIM_PWM_Start                        0x08001c8d   Thumb Code   160  stm32f1xx_hal_tim.o(i.HAL_TIM_PWM_Start)
    HAL_TIM_PeriodElapsedCallback            0x08001d41   Thumb Code    68  main.o(i.HAL_TIM_PeriodElapsedCallback)
    HAL_TIM_TriggerCallback                  0x08001d8d   Thumb Code     2  stm32f1xx_hal_tim.o(i.HAL_TIM_TriggerCallback)
    HAL_UART3_RxCpltCallback                 0x08001d91   Thumb Code   100  hostpc.o(i.HAL_UART3_RxCpltCallback)
    HAL_UARTEx_RxEventCallback               0x08001e09   Thumb Code     2  stm32f1xx_hal_uart.o(i.HAL_UARTEx_RxEventCallback)
    HAL_UART_DMAStop                         0x08001e0b   Thumb Code    88  stm32f1xx_hal_uart.o(i.HAL_UART_DMAStop)
    HAL_UART_ErrorCallback                   0x08001e63   Thumb Code     2  stm32f1xx_hal_uart.o(i.HAL_UART_ErrorCallback)
    HAL_UART_IRQHandler                      0x08001e65   Thumb Code   520  stm32f1xx_hal_uart.o(i.HAL_UART_IRQHandler)
    HAL_UART_Init                            0x08002071   Thumb Code    98  stm32f1xx_hal_uart.o(i.HAL_UART_Init)
    HAL_UART_MspInit                         0x080020d5   Thumb Code   226  usart.o(i.HAL_UART_MspInit)
    HAL_UART_Receive_DMA                     0x080021d5   Thumb Code    42  stm32f1xx_hal_uart.o(i.HAL_UART_Receive_DMA)
    HAL_UART_RxCpltCallback                  0x080021ff   Thumb Code     2  stm32f1xx_hal_uart.o(i.HAL_UART_RxCpltCallback)
    HAL_UART_RxHalfCpltCallback              0x08002201   Thumb Code     2  stm32f1xx_hal_uart.o(i.HAL_UART_RxHalfCpltCallback)
    HAL_UART_Transmit                        0x08002205   Thumb Code   178  stm32f1xx_hal_uart.o(i.HAL_UART_Transmit)
    HAL_UART_TxCpltCallback                  0x080022b7   Thumb Code     2  stm32f1xx_hal_uart.o(i.HAL_UART_TxCpltCallback)
    HardFault_Handler                        0x080022b9   Thumb Code     2  stm32f1xx_it.o(i.HardFault_Handler)
    MX_ADC1_Init                             0x080022bd   Thumb Code   140  adc.o(i.MX_ADC1_Init)
    MX_ADC_DMA_Init                          0x08002355   Thumb Code    94  adc.o(i.MX_ADC_DMA_Init)
    MX_ADC_GPIO_Init                         0x080023c1   Thumb Code    48  adc.o(i.MX_ADC_GPIO_Init)
    MX_DMA_Init                              0x080023f9   Thumb Code    40  dma.o(i.MX_DMA_Init)
    MX_GPIO_Init                             0x08002425   Thumb Code   240  gpio.o(i.MX_GPIO_Init)
    MX_TIM3_Init                             0x08002529   Thumb Code   154  tim.o(i.MX_TIM3_Init)
    MX_TIM7_Init                             0x080025cd   Thumb Code    62  tim.o(i.MX_TIM7_Init)
    MX_USART1_UART_Init                      0x08002615   Thumb Code    48  usart.o(i.MX_USART1_UART_Init)
    MX_USART3_UART_Init                      0x0800264d   Thumb Code    48  usart.o(i.MX_USART3_UART_Init)
    MemManage_Handler                        0x08002685   Thumb Code     2  stm32f1xx_it.o(i.MemManage_Handler)
    MotorLimit                               0x08002687   Thumb Code    18  motor.o(i.MotorLimit)
    MotorMove                                0x08002699   Thumb Code   264  motor.o(i.MotorMove)
    NMI_Handler                              0x080027b1   Thumb Code     2  stm32f1xx_it.o(i.NMI_Handler)
    PendSV_Handler                           0x080027b3   Thumb Code     2  stm32f1xx_it.o(i.PendSV_Handler)
    RGB_Queue_Init                           0x080027b5   Thumb Code     8  wb2812.o(i.RGB_Queue_Init)
    RGB_Queue_Pop                            0x080027bd   Thumb Code    20  wb2812.o(i.RGB_Queue_Pop)
    RGB_Queue_Push                           0x080027d1   Thumb Code    56  wb2812.o(i.RGB_Queue_Push)
    RunVehicle                               0x08002811   Thumb Code   104  main.o(i.RunVehicle)
    SVC_Handler                              0x08002899   Thumb Code     2  stm32f1xx_it.o(i.SVC_Handler)
    SysTick_Handler                          0x0800289b   Thumb Code     4  stm32f1xx_it.o(i.SysTick_Handler)
    SystemClock_Config                       0x0800289f   Thumb Code    94  main.o(i.SystemClock_Config)
    SystemInit                               0x080028fd   Thumb Code     2  system_stm32f1xx.o(i.SystemInit)
    TIM7_IRQHandler                          0x08002901   Thumb Code     6  stm32f1xx_it.o(i.TIM7_IRQHandler)
    TIM_Base_SetConfig                       0x0800290d   Thumb Code   120  stm32f1xx_hal_tim.o(i.TIM_Base_SetConfig)
    TIM_CCxChannelCmd                        0x08002999   Thumb Code    26  stm32f1xx_hal_tim.o(i.TIM_CCxChannelCmd)
    TIM_OC2_SetConfig                        0x08002a15   Thumb Code    98  stm32f1xx_hal_tim.o(i.TIM_OC2_SetConfig)
    UART_Start_Receive_DMA                   0x08002db9   Thumb Code    98  stm32f1xx_hal_uart.o(i.UART_Start_Receive_DMA)
    USART3_IRQHandler                        0x08002e8d   Thumb Code    22  stm32f1xx_it.o(i.USART3_IRQHandler)
    USER_UART3_IRQHandler                    0x08002ead   Thumb Code    36  hostpc.o(i.USER_UART3_IRQHandler)
    UsageFault_Handler                       0x08002ed9   Thumb Code     2  stm32f1xx_it.o(i.UsageFault_Handler)
    WB2812_0                                 0x08002edd   Thumb Code    34  wb2812.o(i.WB2812_0)
    WB2812_1                                 0x08002f05   Thumb Code    36  wb2812.o(i.WB2812_1)
    WB2812_End                               0x08002f2d   Thumb Code    14  wb2812.o(i.WB2812_End)
    WB2812_Init                              0x08002f3d   Thumb Code    48  wb2812.o(i.WB2812_Init)
    WB2812_Showtime_2                        0x08002f71   Thumb Code    26  wb2812.o(i.WB2812_Showtime_2)
    WB2812_Write                             0x08002f8b   Thumb Code    84  wb2812.o(i.WB2812_Write)
    __0printf$5                              0x08002fe1   Thumb Code    22  printf5.o(i.__0printf$5)
    __1printf$5                              0x08002fe1   Thumb Code     0  printf5.o(i.__0printf$5)
    __2printf                                0x08002fe1   Thumb Code     0  printf5.o(i.__0printf$5)
    __scatterload_copy                       0x08003021   Thumb Code    14  handlers.o(i.__scatterload_copy)
    __scatterload_null                       0x0800302f   Thumb Code     2  handlers.o(i.__scatterload_null)
    __scatterload_zeroinit                   0x08003031   Thumb Code    14  handlers.o(i.__scatterload_zeroinit)
    chassis_init                             0x08003301   Thumb Code    60  main.o(i.chassis_init)
    fputc                                    0x08003349   Thumb Code    20  hostpc.o(i.fputc)
    free                                     0x08003361   Thumb Code    76  malloc.o(i.free)
    main                                     0x080033b1   Thumb Code   112  main.o(i.main)
    malloc                                   0x08003429   Thumb Code    92  malloc.o(i.malloc)
    AHBPrescTable                            0x08003494   Data          16  system_stm32f1xx.o(.constdata)
    APBPrescTable                            0x080034a4   Data           8  system_stm32f1xx.o(.constdata)
    Region$$Table$$Base                      0x080034ac   Number         0  anon$$obj.o(Region$$Table)
    Region$$Table$$Limit                     0x080034cc   Number         0  anon$$obj.o(Region$$Table)
    detect                                   0x20000000   Data           1  main.o(.data)
    error                                    0x20000004   Data           2  main.o(.data)
    lasterror                                0x20000006   Data           2  main.o(.data)
    count                                    0x20000008   Data           4  main.o(.data)
    RGB_Queue_Data                           0x2000000c   Data           8  main.o(.data)
    RGB_Data                                 0x20000014   Data        1200  main.o(.data)
    uwTickFreq                               0x200004c4   Data           1  stm32f1xx_hal.o(.data)
    uwTickPrio                               0x200004c8   Data           4  stm32f1xx_hal.o(.data)
    uwTick                                   0x200004cc   Data           4  stm32f1xx_hal.o(.data)
    SystemCoreClock                          0x200004d0   Data           4  system_stm32f1xx.o(.data)
    host                                     0x200004d4   Data           4  hostpc.o(.data)
    receive_buff3                            0x200004d8   Data           7  hostpc.o(.data)
    __stdout                                 0x200004e0   Data           4  hostpc.o(.data)
    __microlib_freelist                      0x200004e4   Data           4  mvars.o(.data)
    __microlib_freelist_initialised          0x200004e8   Data           4  mvars.o(.data)
    htim3                                    0x200004ec   Data          72  tim.o(.bss)
    htim7                                    0x20000534   Data          72  tim.o(.bss)
    huart1                                   0x2000057c   Data          68  usart.o(.bss)
    huart3                                   0x200005c0   Data          68  usart.o(.bss)
    hdma_usart3_rx                           0x20000604   Data          68  usart.o(.bss)
    hadc1                                    0x20000648   Data          48  adc.o(.bss)
    adcValue                                 0x20000678   Data          12  adc.o(.bss)
    __heap_base                              0x20000688   Data           0  startup_stm32f103xe.o(HEAP)
    __heap_limit                             0x20000a88   Data           0  startup_stm32f103xe.o(HEAP)
    __initial_sp                             0x20000e88   Data           0  startup_stm32f103xe.o(STACK)



==============================================================================

Memory Map of the image

  Image Entry point : 0x08000131

  Load Region LR_IROM1 (Base: 0x08000000, Size: 0x000039b8, Max: 0x00040000, ABSOLUTE, COMPRESSED[0x0000351c])

    Execution Region ER_IROM1 (Exec base: 0x08000000, Load base: 0x08000000, Size: 0x000034cc, Max: 0x00040000, ABSOLUTE)

    Exec Addr    Load Addr    Size         Type   Attr      Idx    E Section Name        Object

    0x08000000   0x08000000   0x00000130   Data   RO            3    RESET               startup_stm32f103xe.o
    0x08000130   0x08000130   0x00000000   Code   RO         3738  * .ARM.Collect$$$$00000000  mc_w.l(entry.o)
    0x08000130   0x08000130   0x00000004   Code   RO         4052    .ARM.Collect$$$$00000001  mc_w.l(entry2.o)
    0x08000134   0x08000134   0x00000004   Code   RO         4055    .ARM.Collect$$$$00000004  mc_w.l(entry5.o)
    0x08000138   0x08000138   0x00000000   Code   RO         4057    .ARM.Collect$$$$00000008  mc_w.l(entry7b.o)
    0x08000138   0x08000138   0x00000000   Code   RO         4059    .ARM.Collect$$$$0000000A  mc_w.l(entry8b.o)
    0x08000138   0x08000138   0x00000008   Code   RO         4060    .ARM.Collect$$$$0000000B  mc_w.l(entry9a.o)
    0x08000140   0x08000140   0x00000004   Code   RO         4067    .ARM.Collect$$$$0000000E  mc_w.l(entry12b.o)
    0x08000144   0x08000144   0x00000000   Code   RO         4062    .ARM.Collect$$$$0000000F  mc_w.l(entry10a.o)
    0x08000144   0x08000144   0x00000000   Code   RO         4064    .ARM.Collect$$$$00000011  mc_w.l(entry11a.o)
    0x08000144   0x08000144   0x00000004   Code   RO         4053    .ARM.Collect$$$$00002712  mc_w.l(entry2.o)
    0x08000148   0x08000148   0x00000024   Code   RO            4    .text               startup_stm32f103xe.o
    0x0800016c   0x0800016c   0x00000020   Code   RO         3741    .text               mc_w.l(llushr.o)
    0x0800018c   0x0800018c   0x00000024   Code   RO         3743    .text               mc_w.l(memseta.o)
    0x080001b0   0x080001b0   0x0000014e   Code   RO         4040    .text               mf_w.l(dadd.o)
    0x080002fe   0x080002fe   0x000000e4   Code   RO         4042    .text               mf_w.l(dmul.o)
    0x080003e2   0x080003e2   0x00000022   Code   RO         4046    .text               mf_w.l(dflti.o)
    0x08000404   0x08000404   0x0000003e   Code   RO         4048    .text               mf_w.l(dfixi.o)
    0x08000442   0x08000442   0x00000062   Code   RO         4070    .text               mc_w.l(uldiv.o)
    0x080004a4   0x080004a4   0x0000001e   Code   RO         4072    .text               mc_w.l(llshl.o)
    0x080004c2   0x080004c2   0x00000024   Code   RO         4074    .text               mc_w.l(llsshr.o)
    0x080004e6   0x080004e6   0x00000000   Code   RO         4082    .text               mc_w.l(iusefp.o)
    0x080004e6   0x080004e6   0x000000ba   Code   RO         4085    .text               mf_w.l(depilogue.o)
    0x080005a0   0x080005a0   0x00000024   Code   RO         4093    .text               mc_w.l(init.o)
    0x080005c4   0x080005c4   0x00000056   Code   RO         4103    .text               mc_w.l(__dczerorl2.o)
    0x0800061a   0x0800061a   0x00000002   PAD
    0x0800061c   0x0800061c   0x00000056   Code   RO          650    i.ADC_ConversionStop_Disable  stm32f1xx_hal_adc.o
    0x08000672   0x08000672   0x0000004e   Code   RO          651    i.ADC_DMAConvCplt   stm32f1xx_hal_adc.o
    0x080006c0   0x080006c0   0x0000001a   Code   RO          652    i.ADC_DMAError      stm32f1xx_hal_adc.o
    0x080006da   0x080006da   0x0000000a   Code   RO          653    i.ADC_DMAHalfConvCplt  stm32f1xx_hal_adc.o
    0x080006e4   0x080006e4   0x0000007c   Code   RO          654    i.ADC_Enable        stm32f1xx_hal_adc.o
    0x08000760   0x08000760   0x00000002   Code   RO          532    i.BusFault_Handler  stm32f1xx_it.o
    0x08000762   0x08000762   0x00000002   PAD
    0x08000764   0x08000764   0x0000000c   Code   RO          533    i.DMA1_Channel3_IRQHandler  stm32f1xx_it.o
    0x08000770   0x08000770   0x0000002a   Code   RO         2313    i.DMA_SetConfig     stm32f1xx_hal_dma.o
    0x0800079a   0x0800079a   0x00000002   Code   RO          534    i.DebugMon_Handler  stm32f1xx_it.o
    0x0800079c   0x0800079c   0x00000004   Code   RO           14    i.Error_Handler     main.o
    0x080007a0   0x080007a0   0x000000fc   Code   RO          656    i.HAL_ADC_ConfigChannel  stm32f1xx_hal_adc.o
    0x0800089c   0x0800089c   0x00000002   Code   RO          657    i.HAL_ADC_ConvCpltCallback  stm32f1xx_hal_adc.o
    0x0800089e   0x0800089e   0x00000002   Code   RO          658    i.HAL_ADC_ConvHalfCpltCallback  stm32f1xx_hal_adc.o
    0x080008a0   0x080008a0   0x00000002   Code   RO          660    i.HAL_ADC_ErrorCallback  stm32f1xx_hal_adc.o
    0x080008a2   0x080008a2   0x00000002   PAD
    0x080008a4   0x080008a4   0x00000120   Code   RO          665    i.HAL_ADC_Init      stm32f1xx_hal_adc.o
    0x080009c4   0x080009c4   0x00000002   Code   RO          668    i.HAL_ADC_MspInit   stm32f1xx_hal_adc.o
    0x080009c6   0x080009c6   0x00000002   PAD
    0x080009c8   0x080009c8   0x0000010c   Code   RO          672    i.HAL_ADC_Start_DMA  stm32f1xx_hal_adc.o
    0x08000ad4   0x08000ad4   0x00000046   Code   RO         2314    i.HAL_DMA_Abort     stm32f1xx_hal_dma.o
    0x08000b1a   0x08000b1a   0x00000002   PAD
    0x08000b1c   0x08000b1c   0x00000130   Code   RO         2315    i.HAL_DMA_Abort_IT  stm32f1xx_hal_dma.o
    0x08000c4c   0x08000c4c   0x00000248   Code   RO         2319    i.HAL_DMA_IRQHandler  stm32f1xx_hal_dma.o
    0x08000e94   0x08000e94   0x0000007c   Code   RO         2320    i.HAL_DMA_Init      stm32f1xx_hal_dma.o
    0x08000f10   0x08000f10   0x00000070   Code   RO         2324    i.HAL_DMA_Start_IT  stm32f1xx_hal_dma.o
    0x08000f80   0x08000f80   0x000001f8   Code   RO         2250    i.HAL_GPIO_Init     stm32f1xx_hal_gpio.o
    0x08001178   0x08001178   0x0000000a   Code   RO         2254    i.HAL_GPIO_WritePin  stm32f1xx_hal_gpio.o
    0x08001182   0x08001182   0x00000002   PAD
    0x08001184   0x08001184   0x0000000c   Code   RO         1946    i.HAL_GetTick       stm32f1xx_hal.o
    0x08001190   0x08001190   0x00000010   Code   RO         1952    i.HAL_IncTick       stm32f1xx_hal.o
    0x080011a0   0x080011a0   0x00000024   Code   RO         1953    i.HAL_Init          stm32f1xx_hal.o
    0x080011c4   0x080011c4   0x00000040   Code   RO         1954    i.HAL_InitTick      stm32f1xx_hal.o
    0x08001204   0x08001204   0x0000003c   Code   RO          626    i.HAL_MspInit       stm32f1xx_hal_msp.o
    0x08001240   0x08001240   0x0000001a   Code   RO         2410    i.HAL_NVIC_EnableIRQ  stm32f1xx_hal_cortex.o
    0x0800125a   0x0800125a   0x00000002   PAD
    0x0800125c   0x0800125c   0x00000040   Code   RO         2416    i.HAL_NVIC_SetPriority  stm32f1xx_hal_cortex.o
    0x0800129c   0x0800129c   0x00000024   Code   RO         2417    i.HAL_NVIC_SetPriorityGrouping  stm32f1xx_hal_cortex.o
    0x080012c0   0x080012c0   0x0000012c   Code   RO         2110    i.HAL_RCC_ClockConfig  stm32f1xx_hal_rcc.o
    0x080013ec   0x080013ec   0x00000020   Code   RO         2117    i.HAL_RCC_GetPCLK1Freq  stm32f1xx_hal_rcc.o
    0x0800140c   0x0800140c   0x00000020   Code   RO         2118    i.HAL_RCC_GetPCLK2Freq  stm32f1xx_hal_rcc.o
    0x0800142c   0x0800142c   0x0000006c   Code   RO         2119    i.HAL_RCC_GetSysClockFreq  stm32f1xx_hal_rcc.o
    0x08001498   0x08001498   0x00000320   Code   RO         2122    i.HAL_RCC_OscConfig  stm32f1xx_hal_rcc.o
    0x080017b8   0x080017b8   0x00000028   Code   RO         2421    i.HAL_SYSTICK_Config  stm32f1xx_hal_cortex.o
    0x080017e0   0x080017e0   0x00000002   Code   RO         1668    i.HAL_TIMEx_BreakCallback  stm32f1xx_hal_tim_ex.o
    0x080017e2   0x080017e2   0x00000002   Code   RO         1669    i.HAL_TIMEx_CommutCallback  stm32f1xx_hal_tim_ex.o
    0x080017e4   0x080017e4   0x0000007c   Code   RO         1687    i.HAL_TIMEx_MasterConfigSynchronization  stm32f1xx_hal_tim_ex.o
    0x08001860   0x08001860   0x0000005a   Code   RO          964    i.HAL_TIM_Base_Init  stm32f1xx_hal_tim.o
    0x080018ba   0x080018ba   0x00000002   PAD
    0x080018bc   0x080018bc   0x0000003c   Code   RO          419    i.HAL_TIM_Base_MspInit  tim.o
    0x080018f8   0x080018f8   0x0000006c   Code   RO          969    i.HAL_TIM_Base_Start_IT  stm32f1xx_hal_tim.o
    0x08001964   0x08001964   0x00000002   Code   RO          998    i.HAL_TIM_IC_CaptureCallback  stm32f1xx_hal_tim.o
    0x08001966   0x08001966   0x00000166   Code   RO         1012    i.HAL_TIM_IRQHandler  stm32f1xx_hal_tim.o
    0x08001acc   0x08001acc   0x00000070   Code   RO          420    i.HAL_TIM_MspPostInit  tim.o
    0x08001b3c   0x08001b3c   0x00000002   Code   RO         1015    i.HAL_TIM_OC_DelayElapsedCallback  stm32f1xx_hal_tim.o
    0x08001b3e   0x08001b3e   0x000000c6   Code   RO         1036    i.HAL_TIM_PWM_ConfigChannel  stm32f1xx_hal_tim.o
    0x08001c04   0x08001c04   0x0000005a   Code   RO         1039    i.HAL_TIM_PWM_Init  stm32f1xx_hal_tim.o
    0x08001c5e   0x08001c5e   0x00000002   PAD
    0x08001c60   0x08001c60   0x00000028   Code   RO          422    i.HAL_TIM_PWM_MspInit  tim.o
    0x08001c88   0x08001c88   0x00000002   Code   RO         1042    i.HAL_TIM_PWM_PulseFinishedCallback  stm32f1xx_hal_tim.o
    0x08001c8a   0x08001c8a   0x00000002   PAD
    0x08001c8c   0x08001c8c   0x000000b4   Code   RO         1044    i.HAL_TIM_PWM_Start  stm32f1xx_hal_tim.o
    0x08001d40   0x08001d40   0x0000004c   Code   RO           15    i.HAL_TIM_PeriodElapsedCallback  main.o
    0x08001d8c   0x08001d8c   0x00000002   Code   RO         1055    i.HAL_TIM_TriggerCallback  stm32f1xx_hal_tim.o
    0x08001d8e   0x08001d8e   0x00000002   PAD
    0x08001d90   0x08001d90   0x00000078   Code   RO         3306    i.HAL_UART3_RxCpltCallback  hostpc.o
    0x08001e08   0x08001e08   0x00000002   Code   RO         2921    i.HAL_UARTEx_RxEventCallback  stm32f1xx_hal_uart.o
    0x08001e0a   0x08001e0a   0x00000058   Code   RO         2933    i.HAL_UART_DMAStop  stm32f1xx_hal_uart.o
    0x08001e62   0x08001e62   0x00000002   Code   RO         2935    i.HAL_UART_ErrorCallback  stm32f1xx_hal_uart.o
    0x08001e64   0x08001e64   0x0000020c   Code   RO         2938    i.HAL_UART_IRQHandler  stm32f1xx_hal_uart.o
    0x08002070   0x08002070   0x00000062   Code   RO         2939    i.HAL_UART_Init     stm32f1xx_hal_uart.o
    0x080020d2   0x080020d2   0x00000002   PAD
    0x080020d4   0x080020d4   0x00000100   Code   RO          485    i.HAL_UART_MspInit  usart.o
    0x080021d4   0x080021d4   0x0000002a   Code   RO         2943    i.HAL_UART_Receive_DMA  stm32f1xx_hal_uart.o
    0x080021fe   0x080021fe   0x00000002   Code   RO         2945    i.HAL_UART_RxCpltCallback  stm32f1xx_hal_uart.o
    0x08002200   0x08002200   0x00000002   Code   RO         2946    i.HAL_UART_RxHalfCpltCallback  stm32f1xx_hal_uart.o
    0x08002202   0x08002202   0x00000002   PAD
    0x08002204   0x08002204   0x000000b2   Code   RO         2947    i.HAL_UART_Transmit  stm32f1xx_hal_uart.o
    0x080022b6   0x080022b6   0x00000002   Code   RO         2950    i.HAL_UART_TxCpltCallback  stm32f1xx_hal_uart.o
    0x080022b8   0x080022b8   0x00000002   Code   RO          535    i.HardFault_Handler  stm32f1xx_it.o
    0x080022ba   0x080022ba   0x00000002   PAD
    0x080022bc   0x080022bc   0x00000098   Code   RO         3577    i.MX_ADC1_Init      adc.o
    0x08002354   0x08002354   0x0000006c   Code   RO         3578    i.MX_ADC_DMA_Init   adc.o
    0x080023c0   0x080023c0   0x00000038   Code   RO         3579    i.MX_ADC_GPIO_Init  adc.o
    0x080023f8   0x080023f8   0x0000002c   Code   RO          388    i.MX_DMA_Init       dma.o
    0x08002424   0x08002424   0x00000104   Code   RO          250    i.MX_GPIO_Init      gpio.o
    0x08002528   0x08002528   0x000000a4   Code   RO          423    i.MX_TIM3_Init      tim.o
    0x080025cc   0x080025cc   0x00000048   Code   RO          424    i.MX_TIM7_Init      tim.o
    0x08002614   0x08002614   0x00000038   Code   RO          486    i.MX_USART1_UART_Init  usart.o
    0x0800264c   0x0800264c   0x00000038   Code   RO          487    i.MX_USART3_UART_Init  usart.o
    0x08002684   0x08002684   0x00000002   Code   RO          536    i.MemManage_Handler  stm32f1xx_it.o
    0x08002686   0x08002686   0x00000012   Code   RO         3375    i.MotorLimit        motor.o
    0x08002698   0x08002698   0x00000118   Code   RO         3376    i.MotorMove         motor.o
    0x080027b0   0x080027b0   0x00000002   Code   RO          537    i.NMI_Handler       stm32f1xx_it.o
    0x080027b2   0x080027b2   0x00000002   Code   RO          538    i.PendSV_Handler    stm32f1xx_it.o
    0x080027b4   0x080027b4   0x00000008   Code   RO         3649    i.RGB_Queue_Init    wb2812.o
    0x080027bc   0x080027bc   0x00000014   Code   RO         3650    i.RGB_Queue_Pop     wb2812.o
    0x080027d0   0x080027d0   0x00000040   Code   RO         3651    i.RGB_Queue_Push    wb2812.o
    0x08002810   0x08002810   0x00000088   Code   RO           16    i.RunVehicle        main.o
    0x08002898   0x08002898   0x00000002   Code   RO          539    i.SVC_Handler       stm32f1xx_it.o
    0x0800289a   0x0800289a   0x00000004   Code   RO          540    i.SysTick_Handler   stm32f1xx_it.o
    0x0800289e   0x0800289e   0x0000005e   Code   RO           17    i.SystemClock_Config  main.o
    0x080028fc   0x080028fc   0x00000002   Code   RO         3268    i.SystemInit        system_stm32f1xx.o
    0x080028fe   0x080028fe   0x00000002   PAD
    0x08002900   0x08002900   0x0000000c   Code   RO          541    i.TIM7_IRQHandler   stm32f1xx_it.o
    0x0800290c   0x0800290c   0x0000008c   Code   RO         1057    i.TIM_Base_SetConfig  stm32f1xx_hal_tim.o
    0x08002998   0x08002998   0x0000001a   Code   RO         1058    i.TIM_CCxChannelCmd  stm32f1xx_hal_tim.o
    0x080029b2   0x080029b2   0x00000002   PAD
    0x080029b4   0x080029b4   0x00000060   Code   RO         1070    i.TIM_OC1_SetConfig  stm32f1xx_hal_tim.o
    0x08002a14   0x08002a14   0x0000006c   Code   RO         1071    i.TIM_OC2_SetConfig  stm32f1xx_hal_tim.o
    0x08002a80   0x08002a80   0x00000068   Code   RO         1072    i.TIM_OC3_SetConfig  stm32f1xx_hal_tim.o
    0x08002ae8   0x08002ae8   0x00000050   Code   RO         1073    i.TIM_OC4_SetConfig  stm32f1xx_hal_tim.o
    0x08002b38   0x08002b38   0x00000010   Code   RO         2952    i.UART_DMAAbortOnError  stm32f1xx_hal_uart.o
    0x08002b48   0x08002b48   0x0000004a   Code   RO         2953    i.UART_DMAError     stm32f1xx_hal_uart.o
    0x08002b92   0x08002b92   0x0000005a   Code   RO         2954    i.UART_DMAReceiveCplt  stm32f1xx_hal_uart.o
    0x08002bec   0x08002bec   0x0000001a   Code   RO         2956    i.UART_DMARxHalfCplt  stm32f1xx_hal_uart.o
    0x08002c06   0x08002c06   0x00000030   Code   RO         2962    i.UART_EndRxTransfer  stm32f1xx_hal_uart.o
    0x08002c36   0x08002c36   0x00000012   Code   RO         2963    i.UART_EndTxTransfer  stm32f1xx_hal_uart.o
    0x08002c48   0x08002c48   0x000000b6   Code   RO         2964    i.UART_Receive_IT   stm32f1xx_hal_uart.o
    0x08002cfe   0x08002cfe   0x00000002   PAD
    0x08002d00   0x08002d00   0x000000b8   Code   RO         2965    i.UART_SetConfig    stm32f1xx_hal_uart.o
    0x08002db8   0x08002db8   0x00000070   Code   RO         2966    i.UART_Start_Receive_DMA  stm32f1xx_hal_uart.o
    0x08002e28   0x08002e28   0x00000064   Code   RO         2968    i.UART_WaitOnFlagUntilTimeout  stm32f1xx_hal_uart.o
    0x08002e8c   0x08002e8c   0x00000020   Code   RO          542    i.USART3_IRQHandler  stm32f1xx_it.o
    0x08002eac   0x08002eac   0x0000002c   Code   RO         3307    i.USER_UART3_IRQHandler  hostpc.o
    0x08002ed8   0x08002ed8   0x00000002   Code   RO          543    i.UsageFault_Handler  stm32f1xx_it.o
    0x08002eda   0x08002eda   0x00000002   PAD
    0x08002edc   0x08002edc   0x00000028   Code   RO         3653    i.WB2812_0          wb2812.o
    0x08002f04   0x08002f04   0x00000028   Code   RO         3654    i.WB2812_1          wb2812.o
    0x08002f2c   0x08002f2c   0x0000000e   Code   RO         3655    i.WB2812_End        wb2812.o
    0x08002f3a   0x08002f3a   0x00000002   PAD
    0x08002f3c   0x08002f3c   0x00000034   Code   RO         3656    i.WB2812_Init       wb2812.o
    0x08002f70   0x08002f70   0x0000001a   Code   RO         3658    i.WB2812_Showtime_2  wb2812.o
    0x08002f8a   0x08002f8a   0x00000054   Code   RO         3659    i.WB2812_Write      wb2812.o
    0x08002fde   0x08002fde   0x00000002   PAD
    0x08002fe0   0x08002fe0   0x00000020   Code   RO         3878    i.__0printf$5       mc_w.l(printf5.o)
    0x08003000   0x08003000   0x00000020   Code   RO         2423    i.__NVIC_SetPriority  stm32f1xx_hal_cortex.o
    0x08003020   0x08003020   0x0000000e   Code   RO         4097    i.__scatterload_copy  mc_w.l(handlers.o)
    0x0800302e   0x0800302e   0x00000002   Code   RO         4098    i.__scatterload_null  mc_w.l(handlers.o)
    0x08003030   0x08003030   0x0000000e   Code   RO         4099    i.__scatterload_zeroinit  mc_w.l(handlers.o)
    0x0800303e   0x0800303e   0x00000002   PAD
    0x08003040   0x08003040   0x000002c0   Code   RO         3885    i._printf_core      mc_w.l(printf5.o)
    0x08003300   0x08003300   0x00000048   Code   RO           20    i.chassis_init      main.o
    0x08003348   0x08003348   0x00000018   Code   RO         3310    i.fputc             hostpc.o
    0x08003360   0x08003360   0x00000050   Code   RO         4006    i.free              mc_w.l(malloc.o)
    0x080033b0   0x080033b0   0x00000078   Code   RO           21    i.main              main.o
    0x08003428   0x08003428   0x0000006c   Code   RO         4007    i.malloc            mc_w.l(malloc.o)
    0x08003494   0x08003494   0x00000010   Data   RO         3269    .constdata          system_stm32f1xx.o
    0x080034a4   0x080034a4   0x00000008   Data   RO         3270    .constdata          system_stm32f1xx.o
    0x080034ac   0x080034ac   0x00000020   Data   RO         4095    Region$$Table       anon$$obj.o


    Execution Region RW_IRAM1 (Exec base: 0x20000000, Load base: 0x080034cc, Size: 0x00000e88, Max: 0x0000c000, ABSOLUTE, COMPRESSED[0x00000050])

    Exec Addr    Load Addr    Size         Type   Attr      Idx    E Section Name        Object

    0x20000000   COMPRESSED   0x00000001   Data   RW           28    .data               main.o
    0x20000001   COMPRESSED   0x00000003   PAD
    0x20000004   COMPRESSED   0x000004c0   Data   RW           34    .data               main.o
    0x200004c4   COMPRESSED   0x0000000c   Data   RW         1960    .data               stm32f1xx_hal.o
    0x200004d0   COMPRESSED   0x00000004   Data   RW         3271    .data               system_stm32f1xx.o
    0x200004d4   COMPRESSED   0x0000000b   Data   RW         3311    .data               hostpc.o
    0x200004df   COMPRESSED   0x00000001   PAD
    0x200004e0   COMPRESSED   0x00000004   Data   RW         3312    .data               hostpc.o
    0x200004e4   COMPRESSED   0x00000004   Data   RW         4080    .data               mc_w.l(mvars.o)
    0x200004e8   COMPRESSED   0x00000004   Data   RW         4081    .data               mc_w.l(mvars.o)
    0x200004ec        -       0x00000090   Zero   RW          425    .bss                tim.o
    0x2000057c        -       0x000000cc   Zero   RW          488    .bss                usart.o
    0x20000648        -       0x0000003c   Zero   RW         3581    .bss                adc.o
    0x20000684   COMPRESSED   0x00000004   PAD
    0x20000688        -       0x00000400   Zero   RW            2    HEAP                startup_stm32f103xe.o
    0x20000a88        -       0x00000400   Zero   RW            1    STACK               startup_stm32f103xe.o


==============================================================================

Image component sizes


      Code (inc. data)   RO Data    RW Data    ZI Data      Debug   Object Name

       316         34          0          0         60       2285   adc.o
        44          4          0          0          0        762   dma.o
       260         20          0          0          0     496803   gpio.o
       188         32          0         15          0      29302   hostpc.o
       502         60          0       1217          0     496712   main.o
       298         16          0          0          0       1827   motor.o
        36          8        304          0       2048        804   startup_stm32f103xe.o
       128         24          0         12          0       5921   stm32f1xx_hal.o
      1140         60          0          0          0       9120   stm32f1xx_hal_adc.o
       198         14          0          0          0      28959   stm32f1xx_hal_cortex.o
      1236         52          0          0          0       5138   stm32f1xx_hal_dma.o
       514         42          0          0          0       2912   stm32f1xx_hal_gpio.o
        60          8          0          0          0        874   stm32f1xx_hal_msp.o
      1272        100          0          0          0       5212   stm32f1xx_hal_rcc.o
      1586         96          0          0          0      12464   stm32f1xx_hal_tim.o
       128         20          0          0          0       2385   stm32f1xx_hal_tim_ex.o
      1790         24          0          0          0      14729   stm32f1xx_hal_uart.o
        76         22          0          0          0       5263   stm32f1xx_it.o
         2          0         24          4          0       1127   system_stm32f1xx.o
       448         58          0          0        144       3427   tim.o
       368         46          0          0        204       2482   usart.o
       348         22          0          0          0       5966   wb2812.o

    ----------------------------------------------------------------------
     10976        762        360       1252       2460    1134474   Object Totals
         0          0         32          0          0          0   (incl. Generated)
        38          0          0          4          4          0   (incl. Padding)

    ----------------------------------------------------------------------

      Code (inc. data)   RO Data    RW Data    ZI Data      Debug   Library Member Name

        86          0          0          0          0          0   __dczerorl2.o
         0          0          0          0          0          0   entry.o
         0          0          0          0          0          0   entry10a.o
         0          0          0          0          0          0   entry11a.o
         4          0          0          0          0          0   entry12b.o
         8          4          0          0          0          0   entry2.o
         4          0          0          0          0          0   entry5.o
         0          0          0          0          0          0   entry7b.o
         0          0          0          0          0          0   entry8b.o
         8          4          0          0          0          0   entry9a.o
        30          0          0          0          0          0   handlers.o
        36          8          0          0          0         68   init.o
         0          0          0          0          0          0   iusefp.o
        30          0          0          0          0         68   llshl.o
        36          0          0          0          0         68   llsshr.o
        32          0          0          0          0         68   llushr.o
       188         20          0          0          0        160   malloc.o
        36          0          0          0          0        108   memseta.o
         0          0          0          8          0          0   mvars.o
       736         54          0          0          0        184   printf5.o
        98          0          0          0          0         92   uldiv.o
       334          0          0          0          0        148   dadd.o
       186          0          0          0          0        176   depilogue.o
        62          0          0          0          0         80   dfixi.o
        34          0          0          0          0         76   dflti.o
       228          0          0          0          0         96   dmul.o

    ----------------------------------------------------------------------
      2180         90          0          8          0       1392   Library Totals
         4          0          0          0          0          0   (incl. Padding)

    ----------------------------------------------------------------------

      Code (inc. data)   RO Data    RW Data    ZI Data      Debug   Library Name

      1332         90          0          8          0        816   mc_w.l
       844          0          0          0          0        576   mf_w.l

    ----------------------------------------------------------------------
      2180         90          0          8          0       1392   Library Totals

    ----------------------------------------------------------------------

==============================================================================


      Code (inc. data)   RO Data    RW Data    ZI Data      Debug   

     13156        852        360       1260       2460    1129390   Grand Totals
     13156        852        360         80       2460    1129390   ELF Image Totals (compressed)
     13156        852        360         80          0          0   ROM Totals

==============================================================================

    Total RO  Size (Code + RO Data)                13516 (  13.20kB)
    Total RW  Size (RW Data + ZI Data)              3720 (   3.63kB)
    Total ROM Size (Code + RO Data + RW Data)      13596 (  13.28kB)

==============================================================================

