<html>
<body>
<pre>
<h1>µVision Build Log</h1>
<h2>Tool Versions:</h2>
IDE-Version: ¶ÃVision V5.39.0.0
Copyright (C) 2023 ARM Ltd and ARM Germany GmbH. All rights reserved.
License Information: 1 wangliya5020@163.com, 1, LIC=JL28G-V7WGC-EVA1R-K5STA-CYLS9-C7VGW
 
Tool Versions:
Toolchain:       MDK-ARM Plus  Version: 5.39.0.0
Toolchain Path:  D:\Keil_v5\ARM\ARMCC\Bin
C Compiler:      Armcc.exe V5.06 update 7 (build 960)
Assembler:       Armasm.exe V5.06 update 7 (build 960)
Linker/Locator:  ArmLink.exe V5.06 update 7 (build 960)
Library Manager: ArmAr.exe V5.06 update 7 (build 960)
Hex Converter:   FromElf.exe V5.06 update 7 (build 960)
CPU DLL:         SARMCM3.DLL V5.39.0.0
Dialog DLL:      DCM.DLL V1.17.5.0
Target DLL:      STLink\ST-LINKIII-KEIL_SWO.dll V3.2.0.0
Dialog DLL:      TCM.DLL V1.56.4.0
 
<h2>Project:</h2>
C:\Users\wangl\OneDrive - Liverpool John Moores University\◊¿√Ê\Robocon\chassis-V4.3.2-20240229\MDK-ARM\4.3.2.uvprojx
Project File Date:  06/22/2024

<h2>Output:</h2>
*** Using Compiler 'V5.06 update 7 (build 960)', folder: 'D:\Keil_v5\ARM\ARMCC\Bin'
Build target '4.3.2'
compiling main.c...
../Core/Src/main.c(104): warning:  #223-D: function "MX_GPIO_Init" declared implicitly
  	MX_GPIO_Init();
../Core/Src/main.c(164): warning:  #128-D: loop is not reachable
  	while(host.mode!=VEL_CONTROL_MODE) 
../Core/Src/main.c(334): warning:  #181-D: argument is incompatible with corresponding format string conversion
  	printf("%d,%d,%d,%d\n", adcValue[0], adcValue[1], adcValue[2],d*kd); // ÊâìÂç∞ÁªìÊûú
../Core/Src/main.c: 3 warnings, 0 errors
linking...
Program Size: Code=13156 RO-data=360 RW-data=1260 ZI-data=2460  
FromELF: creating hex file...
"4.3.1\4.3.1" - 0 Error(s), 3 Warning(s).

<h2>Software Packages used:</h2>

Package Vendor: ARM
                http://www.keil.com/pack/ARM.CMSIS.5.9.0.pack
                ARM::CMSIS@5.9.0
                CMSIS (Common Microcontroller Software Interface Standard)
   * Component: CORE Version: 5.6.0

Package Vendor: Keil
                https://www.keil.com/pack/Keil.STM32F1xx_DFP.2.4.1.pack
                Keil::STM32F1xx_DFP@2.4.1
                STMicroelectronics STM32F1 Series Device Support, Drivers and Examples

<h2>Collection of Component include folders:</h2>
  ./RTE/_4.3.2
  C:/Users/wangl/AppData/Local/Arm/Packs/ARM/CMSIS/5.9.0/CMSIS/Core/Include
  C:/Users/wangl/AppData/Local/Arm/Packs/Keil/STM32F1xx_DFP/2.4.1/Device/Include

<h2>Collection of Component Files used:</h2>

   * Component: ARM::CMSIS:CORE@5.6.0
      Include file:  CMSIS/Core/Include/tz_context.h
Build Time Elapsed:  00:00:03
</pre>
</body>
</html>
